Archive member included to satisfy reference by file (symbol)

/home/ashwin/nrf/gcc-arm-none-eabi-7-2018-q2-update-linux/gcc-arm-none-eabi-7-2018-q2-update/bin/../lib/gcc/arm-none-eabi/7.3.1/../../../../arm-none-eabi/lib/thumb/v7e-m/fpv4-sp/hard/libc_nano.a(lib_a-exit.o)
                              /home/ashwin/nrf/gcc-arm-none-eabi-7-2018-q2-update-linux/gcc-arm-none-eabi-7-2018-q2-update/bin/../lib/gcc/arm-none-eabi/7.3.1/../../../../arm-none-eabi/lib/thumb/v7e-m/fpv4-sp/hard/crt0.o (exit)
/home/ashwin/nrf/gcc-arm-none-eabi-7-2018-q2-update-linux/gcc-arm-none-eabi-7-2018-q2-update/bin/../lib/gcc/arm-none-eabi/7.3.1/../../../../arm-none-eabi/lib/thumb/v7e-m/fpv4-sp/hard/libc_nano.a(lib_a-impure.o)
                              /home/ashwin/nrf/gcc-arm-none-eabi-7-2018-q2-update-linux/gcc-arm-none-eabi-7-2018-q2-update/bin/../lib/gcc/arm-none-eabi/7.3.1/../../../../arm-none-eabi/lib/thumb/v7e-m/fpv4-sp/hard/libc_nano.a(lib_a-exit.o) (_global_impure_ptr)
/home/ashwin/nrf/gcc-arm-none-eabi-7-2018-q2-update-linux/gcc-arm-none-eabi-7-2018-q2-update/bin/../lib/gcc/arm-none-eabi/7.3.1/../../../../arm-none-eabi/lib/thumb/v7e-m/fpv4-sp/hard/libc_nano.a(lib_a-init.o)
                              /home/ashwin/nrf/gcc-arm-none-eabi-7-2018-q2-update-linux/gcc-arm-none-eabi-7-2018-q2-update/bin/../lib/gcc/arm-none-eabi/7.3.1/../../../../arm-none-eabi/lib/thumb/v7e-m/fpv4-sp/hard/crt0.o (__libc_init_array)
/home/ashwin/nrf/gcc-arm-none-eabi-7-2018-q2-update-linux/gcc-arm-none-eabi-7-2018-q2-update/bin/../lib/gcc/arm-none-eabi/7.3.1/../../../../arm-none-eabi/lib/thumb/v7e-m/fpv4-sp/hard/libc_nano.a(lib_a-locale.o)
                              _build/nrf52832_xxaa/nrf_log_str_formatter.c.o (__locale_ctype_ptr)
/home/ashwin/nrf/gcc-arm-none-eabi-7-2018-q2-update-linux/gcc-arm-none-eabi-7-2018-q2-update/bin/../lib/gcc/arm-none-eabi/7.3.1/../../../../arm-none-eabi/lib/thumb/v7e-m/fpv4-sp/hard/libc_nano.a(lib_a-mbtowc_r.o)
                              /home/ashwin/nrf/gcc-arm-none-eabi-7-2018-q2-update-linux/gcc-arm-none-eabi-7-2018-q2-update/bin/../lib/gcc/arm-none-eabi/7.3.1/../../../../arm-none-eabi/lib/thumb/v7e-m/fpv4-sp/hard/libc_nano.a(lib_a-locale.o) (__ascii_mbtowc)
/home/ashwin/nrf/gcc-arm-none-eabi-7-2018-q2-update-linux/gcc-arm-none-eabi-7-2018-q2-update/bin/../lib/gcc/arm-none-eabi/7.3.1/../../../../arm-none-eabi/lib/thumb/v7e-m/fpv4-sp/hard/libc_nano.a(lib_a-memcmp.o)
                              _build/nrf52832_xxaa/id_manager.c.o (memcmp)
/home/ashwin/nrf/gcc-arm-none-eabi-7-2018-q2-update-linux/gcc-arm-none-eabi-7-2018-q2-update/bin/../lib/gcc/arm-none-eabi/7.3.1/../../../../arm-none-eabi/lib/thumb/v7e-m/fpv4-sp/hard/libc_nano.a(lib_a-memcpy-stub.o)
                              _build/nrf52832_xxaa/nrf_log_frontend.c.o (memcpy)
/home/ashwin/nrf/gcc-arm-none-eabi-7-2018-q2-update-linux/gcc-arm-none-eabi-7-2018-q2-update/bin/../lib/gcc/arm-none-eabi/7.3.1/../../../../arm-none-eabi/lib/thumb/v7e-m/fpv4-sp/hard/libc_nano.a(lib_a-memmove.o)
                              _build/nrf52832_xxaa/ble_hrs.c.o (memmove)
/home/ashwin/nrf/gcc-arm-none-eabi-7-2018-q2-update-linux/gcc-arm-none-eabi-7-2018-q2-update/bin/../lib/gcc/arm-none-eabi/7.3.1/../../../../arm-none-eabi/lib/thumb/v7e-m/fpv4-sp/hard/libc_nano.a(lib_a-memset.o)
                              /home/ashwin/nrf/gcc-arm-none-eabi-7-2018-q2-update-linux/gcc-arm-none-eabi-7-2018-q2-update/bin/../lib/gcc/arm-none-eabi/7.3.1/../../../../arm-none-eabi/lib/thumb/v7e-m/fpv4-sp/hard/crt0.o (memset)
/home/ashwin/nrf/gcc-arm-none-eabi-7-2018-q2-update-linux/gcc-arm-none-eabi-7-2018-q2-update/bin/../lib/gcc/arm-none-eabi/7.3.1/../../../../arm-none-eabi/lib/thumb/v7e-m/fpv4-sp/hard/libc_nano.a(lib_a-printf.o)
                              _build/nrf52832_xxaa/nrf_sdh_ble.c.o (printf)
/home/ashwin/nrf/gcc-arm-none-eabi-7-2018-q2-update-linux/gcc-arm-none-eabi-7-2018-q2-update/bin/../lib/gcc/arm-none-eabi/7.3.1/../../../../arm-none-eabi/lib/thumb/v7e-m/fpv4-sp/hard/libc_nano.a(lib_a-strcmp.o)
                              /home/ashwin/nrf/gcc-arm-none-eabi-7-2018-q2-update-linux/gcc-arm-none-eabi-7-2018-q2-update/bin/../lib/gcc/arm-none-eabi/7.3.1/../../../../arm-none-eabi/lib/thumb/v7e-m/fpv4-sp/hard/libc_nano.a(lib_a-locale.o) (strcmp)
/home/ashwin/nrf/gcc-arm-none-eabi-7-2018-q2-update-linux/gcc-arm-none-eabi-7-2018-q2-update/bin/../lib/gcc/arm-none-eabi/7.3.1/../../../../arm-none-eabi/lib/thumb/v7e-m/fpv4-sp/hard/libc_nano.a(lib_a-strcpy.o)
                              _build/nrf52832_xxaa/SEGGER_RTT.c.o (strcpy)
/home/ashwin/nrf/gcc-arm-none-eabi-7-2018-q2-update-linux/gcc-arm-none-eabi-7-2018-q2-update/bin/../lib/gcc/arm-none-eabi/7.3.1/../../../../arm-none-eabi/lib/thumb/v7e-m/fpv4-sp/hard/libc_nano.a(lib_a-strlen.o)
                              _build/nrf52832_xxaa/nrf_log_frontend.c.o (strlen)
[...]
Memory Configuration

Name             Origin             Length             Attributes
FLASH            0x0000000000023000 0x000000000005d000 xr
RAM              0x0000000020002a58 0x000000000000d5a8 xrw
*default*        0x0000000000000000 0xffffffffffffffff

Linker script and memory map


.text           0x0000000000023000    0x11368
 *(.isr_vector)
 .isr_vector    0x0000000000023000      0x200 _build/nrf52832_xxaa/gcc_startup_nrf52.S.o
                0x0000000000023000                __isr_vector
 *(.text*)
 .text          0x0000000000023200       0x40 /home/ashwin/nrf/gcc-arm-none-eabi-7-2018-q2-update-linux/gcc-arm-none-eabi-7-2018-q2-update/bin/../lib/gcc/arm-none-eabi/7.3.1/thumb/v7e-m/fpv4-sp/hard/crtbegin.o
 .text          0x0000000000023240       0x74 /home/ashwin/nrf/gcc-arm-none-eabi-7-2018-q2-update-linux/gcc-arm-none-eabi-7-2018-q2-update/bin/../lib/gcc/arm-none-eabi/7.3.1/../../../../arm-none-eabi/lib/thumb/v7e-m/fpv4-sp/hard/crt0.o
                0x0000000000023240                _mainCRTStartup
                0x0000000000023240                _start
 .text.nrf_log_backend_serial_put
                0x00000000000232b4       0xe4 _build/nrf52832_xxaa/nrf_log_backend_serial.c.o
                0x00000000000232b4                nrf_log_backend_serial_put
 .text.uart_evt_handler
                0x0000000000023398        0xc _build/nrf52832_xxaa/nrf_log_backend_uart.c.o
 .text.nrf_log_backend_uart_flush
                0x00000000000233a4        0x4 _build/nrf52832_xxaa/nrf_log_backend_uart.c.o
 .text.nrf_log_backend_uart_panic_set
                0x00000000000233a8       0x48 _build/nrf52832_xxaa/nrf_log_backend_uart.c.o
 .text.nrf_log_backend_uart_put
                0x00000000000233f0       0x20 _build/nrf52832_xxaa/nrf_log_backend_uart.c.o
 .text.serial_tx
                0x0000000000023410       0x34 _build/nrf52832_xxaa/nrf_log_backend_uart.c.o
 .text.nrf_log_backend_uart_init
                0x0000000000023444       0x48 _build/nrf52832_xxaa/nrf_log_backend_uart.c.o
                0x0000000000023444                nrf_log_backend_uart_init
 .text.nrf_log_default_backends_init
                0x000000000002348c       0x1c _build/nrf52832_xxaa/nrf_log_default_backends.c.o
                0x000000000002348c                nrf_log_default_backends_init
 .text.nrf_log_init
                0x00000000000234a8       0x50 _build/nrf52832_xxaa/nrf_log_frontend.c.o
                0x00000000000234a8                nrf_log_init
 .text.nrf_log_module_name_get
                0x00000000000234f8       0x5c _build/nrf52832_xxaa/nrf_log_frontend.c.o
                0x00000000000234f8                nrf_log_module_name_get
 .text.nrf_log_color_id_get
                0x0000000000023554       0x20 _build/nrf52832_xxaa/nrf_log_frontend.c.o
                0x0000000000023554                nrf_log_color_id_get
 .text.nrf_log_frontend_std_0
                0x0000000000023574      0x170 _build/nrf52832_xxaa/nrf_log_frontend.c.o
                0x0000000000023574                nrf_log_frontend_std_0
 .text.nrf_log_frontend_std_1
                0x00000000000236e4      0x180 _build/nrf52832_xxaa/nrf_log_frontend.c.o
                0x00000000000236e4                nrf_log_frontend_std_1
 .text.nrf_log_frontend_std_2
                0x0000000000023864      0x190 _build/nrf52832_xxaa/nrf_log_frontend.c.o
                0x0000000000023864                nrf_log_frontend_std_2
 .text.nrf_log_frontend_std_3
                0x00000000000239f4      0x1a0 _build/nrf52832_xxaa/nrf_log_frontend.c.o
                0x00000000000239f4                nrf_log_frontend_std_3
 .text.nrf_log_frontend_dequeue
                0x0000000000023b94      0x204 _build/nrf52832_xxaa/nrf_log_frontend.c.o
                0x0000000000023b94                nrf_log_frontend_dequeue
 .text.nrf_log_backend_add
                0x0000000000023d98       0x5c _build/nrf52832_xxaa/nrf_log_frontend.c.o
                0x0000000000023d98                nrf_log_backend_add
 .text.nrf_log_panic
                0x0000000000023df4       0x28 _build/nrf52832_xxaa/nrf_log_frontend.c.o
                0x0000000000023df4                nrf_log_panic
 .text.nrf_log_std_entry_process
                0x0000000000023e1c      0x130 _build/nrf52832_xxaa/nrf_log_str_formatter.c.o
                0x0000000000023e1c                nrf_log_std_entry_process
 .text.nrf_log_hexdump_entry_process
                0x0000000000023f4c      0x13c _build/nrf52832_xxaa/nrf_log_str_formatter.c.o
                0x0000000000023f4c                nrf_log_hexdump_entry_process
 .text.detection_delay_timeout_handler
                0x0000000000024088       0xac _build/nrf52832_xxaa/app_button.c.o
 .text.gpiote_event_handler
                0x0000000000024134       0x5c _build/nrf52832_xxaa/app_button.c.o
 .text.app_button_init
                0x0000000000024190       0xac _build/nrf52832_xxaa/app_button.c.o
                0x0000000000024190                app_button_init
 .text.app_button_enable
                0x000000000002423c       0x2c _build/nrf52832_xxaa/app_button.c.o
                0x000000000002423c                app_button_enable
 .text.app_error_handler_bare
                0x0000000000024268       0x20 _build/nrf52832_xxaa/app_error.c.o
                0x0000000000024268                app_error_handler_bare
 .text.app_error_fault_handler
                0x0000000000024288       0x68 _build/nrf52832_xxaa/app_error_weak.c.o
                0x0000000000024288                app_error_fault_handler
 .text.RTC1_IRQHandler
                0x00000000000242f0       0xa0 _build/nrf52832_xxaa/app_timer.c.o
                0x00000000000242f0                RTC1_IRQHandler
 .text.SWI0_EGU0_IRQHandler
                0x0000000000024390      0x670 _build/nrf52832_xxaa/app_timer.c.o
                0x0000000000024390                SWI0_EGU0_IRQHandler
 .text.app_timer_init
                0x0000000000024a00      0x180 _build/nrf52832_xxaa/app_timer.c.o
                0x0000000000024a00                app_timer_init
 .text.app_timer_create
                0x0000000000024b80       0x24 _build/nrf52832_xxaa/app_timer.c.o
                0x0000000000024b80                app_timer_create
 .text.app_timer_start
                0x0000000000024ba4       0xac _build/nrf52832_xxaa/app_timer.c.o
                0x0000000000024ba4                app_timer_start
 .text.app_timer_stop
                0x0000000000024c50       0x74 _build/nrf52832_xxaa/app_timer.c.o
                0x0000000000024c50                app_timer_stop
 .text.app_util_critical_region_enter
                0x0000000000024cc4       0x4c _build/nrf52832_xxaa/app_util_platform.c.o
                0x0000000000024cc4                app_util_critical_region_enter
 .text.app_util_critical_region_exit
                0x0000000000024d10       0x30 _build/nrf52832_xxaa/app_util_platform.c.o
                0x0000000000024d10                app_util_critical_region_exit
 .text.gc_record_find_next
                0x0000000000024d40       0xbc _build/nrf52832_xxaa/fds.c.o
 .text.record_find_by_desc
                0x0000000000024dfc       0xd0 _build/nrf52832_xxaa/fds.c.o
 .text.queue_process
                0x0000000000024ecc      0x810 _build/nrf52832_xxaa/fds.c.o
 .text.fs_event_handler
                0x00000000000256dc      0x81c _build/nrf52832_xxaa/fds.c.o
 .text.fds_register
                0x0000000000025ef8       0x28 _build/nrf52832_xxaa/fds.c.o
                0x0000000000025ef8                fds_register
 .text.fds_init
                0x0000000000025f20      0x2c0 _build/nrf52832_xxaa/fds.c.o
                0x0000000000025f20                fds_init
 .text.fds_record_open
                0x00000000000261e0       0x48 _build/nrf52832_xxaa/fds.c.o
                0x00000000000261e0                fds_record_open
 .text.fds_record_close
                0x0000000000026228       0x48 _build/nrf52832_xxaa/fds.c.o
                0x0000000000026228                fds_record_close
 .text.fds_reserve
                0x0000000000026270       0x80 _build/nrf52832_xxaa/fds.c.o
                0x0000000000026270                fds_reserve
 .text.fds_reserve_cancel
                0x00000000000262f0       0x54 _build/nrf52832_xxaa/fds.c.o
                0x00000000000262f0                fds_reserve_cancel
 .text.fds_record_write
                0x0000000000026344      0x154 _build/nrf52832_xxaa/fds.c.o
                0x0000000000026344                fds_record_write
 .text.fds_record_write_reserved
                0x0000000000026498      0x114 _build/nrf52832_xxaa/fds.c.o
                0x0000000000026498                fds_record_write_reserved
 .text.fds_record_update
                0x00000000000265ac      0x16c _build/nrf52832_xxaa/fds.c.o
                0x00000000000265ac                fds_record_update
 .text.fds_file_delete
                0x0000000000026718       0x68 _build/nrf52832_xxaa/fds.c.o
                0x0000000000026718                fds_file_delete
 .text.fds_gc   0x0000000000026780      0x7e0 _build/nrf52832_xxaa/fds.c.o
                0x0000000000026780                fds_gc
 .text.fds_record_find
                0x0000000000026f60       0xc8 _build/nrf52832_xxaa/fds.c.o
                0x0000000000026f60                fds_record_find
 .text.fds_record_find_by_key
                0x0000000000027028       0xb8 _build/nrf52832_xxaa/fds.c.o
                0x0000000000027028                fds_record_find_by_key
 .text.fds_record_find_in_file
                0x00000000000270e0       0xb4 _build/nrf52832_xxaa/fds.c.o
                0x00000000000270e0                fds_record_find_in_file
 .text.fds_record_id_from_desc
                0x0000000000027194       0x10 _build/nrf52832_xxaa/fds.c.o
                0x0000000000027194                fds_record_id_from_desc
 .text.nrf_balloc_init
                0x00000000000271a4       0x38 _build/nrf52832_xxaa/nrf_balloc.c.o
                0x00000000000271a4                nrf_balloc_init
 .text.nrf_balloc_alloc
                0x00000000000271dc       0x50 _build/nrf52832_xxaa/nrf_balloc.c.o
                0x00000000000271dc                nrf_balloc_alloc
 .text.nrf_balloc_free
                0x000000000002722c       0x38 _build/nrf52832_xxaa/nrf_balloc.c.o
                0x000000000002722c                nrf_balloc_free
 .text.nrf_fprintf_buffer_flush
                0x0000000000027264       0x18 _build/nrf52832_xxaa/nrf_fprintf.c.o
                0x0000000000027264                nrf_fprintf_buffer_flush
 .text.nrf_fprintf
                0x000000000002727c       0x20 _build/nrf52832_xxaa/nrf_fprintf.c.o
                0x000000000002727c                nrf_fprintf
 .text.unsigned_print
                0x000000000002729c      0x10c _build/nrf52832_xxaa/nrf_fprintf_format.c.o
 .text.nrf_fprintf_fmt
                0x00000000000273a8      0x5bc _build/nrf52832_xxaa/nrf_fprintf_format.c.o
                0x00000000000273a8                nrf_fprintf_fmt
 .text.nrf_fstorage_init
                0x0000000000027964       0x10 _build/nrf52832_xxaa/nrf_fstorage.c.o
                0x0000000000027964                nrf_fstorage_init
 .text.nrf_fstorage_write
                0x0000000000027974       0x68 _build/nrf52832_xxaa/nrf_fstorage.c.o
                0x0000000000027974                nrf_fstorage_write
 .text.nrf_fstorage_erase
                0x00000000000279dc       0x44 _build/nrf52832_xxaa/nrf_fstorage.c.o
                0x00000000000279dc                nrf_fstorage_erase
 .text.nrf_fstorage_is_busy
                0x0000000000027a20       0x50 _build/nrf52832_xxaa/nrf_fstorage.c.o
                0x0000000000027a20                nrf_fstorage_is_busy
 .text.sd_flash_write
                0x0000000000027a70        0x4 _build/nrf52832_xxaa/nrf_fstorage_sd.c.o
 .text.sd_flash_page_erase
                0x0000000000027a74        0x4 _build/nrf52832_xxaa/nrf_fstorage_sd.c.o
 .text.uninit   0x0000000000027a78        0x4 _build/nrf52832_xxaa/nrf_fstorage_sd.c.o
 .text.is_busy  0x0000000000027a7c       0x10 _build/nrf52832_xxaa/nrf_fstorage_sd.c.o
 .text.read     0x0000000000027a8c       0x10 _build/nrf52832_xxaa/nrf_fstorage_sd.c.o
 .text.init     0x0000000000027a9c       0x40 _build/nrf52832_xxaa/nrf_fstorage_sd.c.o
 .text.nrf_fstorage_sdh_req_handler
                0x0000000000027adc       0x20 _build/nrf52832_xxaa/nrf_fstorage_sd.c.o
                0x0000000000027adc                nrf_fstorage_sdh_req_handler
 .text.nrf_fstorage_sys_evt_handler
                0x0000000000027afc      0x1f4 _build/nrf52832_xxaa/nrf_fstorage_sd.c.o
                0x0000000000027afc                nrf_fstorage_sys_evt_handler
 .text.queue_process
                0x0000000000027cf0       0xdc _build/nrf52832_xxaa/nrf_fstorage_sd.c.o
 .text.write    0x0000000000027dcc       0x78 _build/nrf52832_xxaa/nrf_fstorage_sd.c.o
 .text.erase    0x0000000000027e44       0x94 _build/nrf52832_xxaa/nrf_fstorage_sd.c.o
 .text.nrf_fstorage_sdh_state_handler
                0x0000000000027ed8       0xf0 _build/nrf52832_xxaa/nrf_fstorage_sd.c.o
                0x0000000000027ed8                nrf_fstorage_sdh_state_handler
 .text.nrf_memobj_pool_init
                0x0000000000027fc8        0x4 _build/nrf52832_xxaa/nrf_memobj.c.o
                0x0000000000027fc8                nrf_memobj_pool_init
 .text.nrf_memobj_alloc
                0x0000000000027fcc       0x84 _build/nrf52832_xxaa/nrf_memobj.c.o
                0x0000000000027fcc                nrf_memobj_alloc
 .text.nrf_memobj_get
                0x0000000000028050       0x20 _build/nrf52832_xxaa/nrf_memobj.c.o
                0x0000000000028050                nrf_memobj_get
 .text.nrf_memobj_put
                0x0000000000028070       0x50 _build/nrf52832_xxaa/nrf_memobj.c.o
                0x0000000000028070                nrf_memobj_put
 .text.nrf_memobj_write
                0x00000000000280c0       0x5c _build/nrf52832_xxaa/nrf_memobj.c.o
                0x00000000000280c0                nrf_memobj_write
 .text.nrf_memobj_read
                0x000000000002811c       0x5c _build/nrf52832_xxaa/nrf_memobj.c.o
                0x000000000002811c                nrf_memobj_read
 .text.nrf_section_iter_init
                0x0000000000028178       0x14 _build/nrf52832_xxaa/nrf_section_iter.c.o
                0x0000000000028178                nrf_section_iter_init
 .text.nrf_section_iter_next
                0x000000000002818c       0x18 _build/nrf52832_xxaa/nrf_section_iter.c.o
                0x000000000002818c                nrf_section_iter_next
 .text.nrf_strerror_get
                0x00000000000281a4       0x6c _build/nrf52832_xxaa/nrf_strerror.c.o
                0x00000000000281a4                nrf_strerror_get
 .text.sdk_mapped_flags_first_key_index_get
                0x0000000000028210       0x30 _build/nrf52832_xxaa/sdk_mapped_flags.c.o
                0x0000000000028210                sdk_mapped_flags_first_key_index_get
 .text.sdk_mapped_flags_update_by_key
                0x0000000000028240       0x38 _build/nrf52832_xxaa/sdk_mapped_flags.c.o
                0x0000000000028240                sdk_mapped_flags_update_by_key
 .text.sdk_mapped_flags_bulk_update_by_key
                0x0000000000028278       0x5c _build/nrf52832_xxaa/sdk_mapped_flags.c.o
                0x0000000000028278                sdk_mapped_flags_bulk_update_by_key
 .text.sdk_mapped_flags_get_by_key
                0x00000000000282d4       0x38 _build/nrf52832_xxaa/sdk_mapped_flags.c.o
                0x00000000000282d4                sdk_mapped_flags_get_by_key
 .text.sdk_mapped_flags_key_list_get
                0x000000000002830c       0x34 _build/nrf52832_xxaa/sdk_mapped_flags.c.o
                0x000000000002830c                sdk_mapped_flags_key_list_get
 .text.sensorsim_init
                0x0000000000028340       0x1c _build/nrf52832_xxaa/sensorsim.c.o
                0x0000000000028340                sensorsim_init
 .text.sensorsim_measure
                0x000000000002835c       0x48 _build/nrf52832_xxaa/sensorsim.c.o
                0x000000000002835c                sensorsim_measure
 .text.bsp_board_led_state_get
                0x00000000000283a4       0x1c _build/nrf52832_xxaa/boards.c.o
                0x00000000000283a4                bsp_board_led_state_get
 .text.bsp_board_led_on
                0x00000000000283c0       0x18 _build/nrf52832_xxaa/boards.c.o
                0x00000000000283c0                bsp_board_led_on
 .text.bsp_board_led_off
                0x00000000000283d8       0x18 _build/nrf52832_xxaa/boards.c.o
                0x00000000000283d8                bsp_board_led_off
 .text.bsp_board_leds_off
                0x00000000000283f0       0x2c _build/nrf52832_xxaa/boards.c.o
                0x00000000000283f0                bsp_board_leds_off
 .text.bsp_board_leds_on
                0x000000000002841c       0x2c _build/nrf52832_xxaa/boards.c.o
                0x000000000002841c                bsp_board_leds_on
 .text.bsp_board_led_invert
                0x0000000000028448       0x24 _build/nrf52832_xxaa/boards.c.o
                0x0000000000028448                bsp_board_led_invert
 .text.bsp_board_leds_init
                0x000000000002846c       0x3c _build/nrf52832_xxaa/boards.c.o
                0x000000000002846c                bsp_board_leds_init
 .text.bsp_board_button_state_get
                0x00000000000284a8       0x1c _build/nrf52832_xxaa/boards.c.o
                0x00000000000284a8                bsp_board_button_state_get
 .text.bsp_board_pin_to_button_idx
                0x00000000000284c4       0x24 _build/nrf52832_xxaa/boards.c.o
                0x00000000000284c4                bsp_board_pin_to_button_idx
 .text.bsp_board_button_idx_to_pin
                0x00000000000284e8        0xc _build/nrf52832_xxaa/boards.c.o
                0x00000000000284e8                bsp_board_button_idx_to_pin
 .text.soc_evt_handler
                0x00000000000284f4       0x24 _build/nrf52832_xxaa/nrf_drv_clock.c.o
 .text.sd_state_evt_handler
                0x0000000000028518       0xc0 _build/nrf52832_xxaa/nrf_drv_clock.c.o
 .text.POWER_CLOCK_IRQHandler
                0x00000000000285d8       0x7c _build/nrf52832_xxaa/nrf_drv_clock.c.o
                0x00000000000285d8                POWER_CLOCK_IRQHandler
 .text.nrf_drv_common_irq_enable
                0x0000000000028654       0x48 _build/nrf52832_xxaa/nrf_drv_common.c.o
                0x0000000000028654                nrf_drv_common_irq_enable
 .text.nrf_drv_gpiote_init
                0x000000000002869c       0x74 _build/nrf52832_xxaa/nrf_drv_gpiote.c.o
                0x000000000002869c                nrf_drv_gpiote_init
 .text.nrf_drv_gpiote_is_init
                0x0000000000028710       0x14 _build/nrf52832_xxaa/nrf_drv_gpiote.c.o
                0x0000000000028710                nrf_drv_gpiote_is_init
 .text.nrf_drv_gpiote_in_init
                0x0000000000028724      0x19c _build/nrf52832_xxaa/nrf_drv_gpiote.c.o
                0x0000000000028724                nrf_drv_gpiote_in_init
 .text.nrf_drv_gpiote_in_event_enable
                0x00000000000288c0       0xc4 _build/nrf52832_xxaa/nrf_drv_gpiote.c.o
                0x00000000000288c0                nrf_drv_gpiote_in_event_enable
 .text.nrf_drv_gpiote_in_is_set
                0x0000000000028984       0x14 _build/nrf52832_xxaa/nrf_drv_gpiote.c.o
                0x0000000000028984                nrf_drv_gpiote_in_is_set
 .text.GPIOTE_IRQHandler
                0x0000000000028998      0x548 _build/nrf52832_xxaa/nrf_drv_gpiote.c.o
                0x0000000000028998                GPIOTE_IRQHandler
 .text.nrf_drv_uart_init
                0x0000000000028ee0      0x1d0 _build/nrf52832_xxaa/nrf_drv_uart.c.o
                0x0000000000028ee0                nrf_drv_uart_init
 .text.nrf_drv_uart_uninit
                0x00000000000290b0      0x108 _build/nrf52832_xxaa/nrf_drv_uart.c.o
                0x00000000000290b0                nrf_drv_uart_uninit
 .text.nrf_drv_uart_tx
                0x00000000000291b8      0x154 _build/nrf52832_xxaa/nrf_drv_uart.c.o
                0x00000000000291b8                nrf_drv_uart_tx
 .text.UARTE0_UART0_IRQHandler
                0x000000000002930c      0x2e4 _build/nrf52832_xxaa/nrf_drv_uart.c.o
                0x000000000002930c                UARTE0_UART0_IRQHandler
 .text.alert_timer_handler
                0x00000000000295f0        0x8 _build/nrf52832_xxaa/bsp.c.o
 .text.bsp_button_event_handler
                0x00000000000295f8       0xa0 _build/nrf52832_xxaa/bsp.c.o
 .text.button_timer_handler
                0x0000000000029698       0x30 _build/nrf52832_xxaa/bsp.c.o
 .text.leds_timer_handler
                0x00000000000296c8      0x2e4 _build/nrf52832_xxaa/bsp.c.o
 .text.bsp_button_is_pressed
                0x00000000000299ac        0x4 _build/nrf52832_xxaa/bsp.c.o
                0x00000000000299ac                bsp_button_is_pressed
 .text.bsp_indication_set
                0x00000000000299b0      0x328 _build/nrf52832_xxaa/bsp.c.o
                0x00000000000299b0                bsp_indication_set
 .text.bsp_init
                0x0000000000029cd8       0xac _build/nrf52832_xxaa/bsp.c.o
                0x0000000000029cd8                bsp_init
 .text.bsp_event_to_button_action_assign
                0x0000000000029d84       0x50 _build/nrf52832_xxaa/bsp.c.o
                0x0000000000029d84                bsp_event_to_button_action_assign
 .text.bsp_wakeup_button_enable
                0x0000000000029dd4       0x28 _build/nrf52832_xxaa/bsp.c.o
                0x0000000000029dd4                bsp_wakeup_button_enable
 .text.ble_evt_handler
                0x0000000000029dfc       0xac _build/nrf52832_xxaa/bsp_btn_ble.c.o
 .text.bsp_btn_ble_sleep_mode_prepare
                0x0000000000029ea8       0x24 _build/nrf52832_xxaa/bsp_btn_ble.c.o
                0x0000000000029ea8                bsp_btn_ble_sleep_mode_prepare
 .text.bsp_btn_ble_init
                0x0000000000029ecc       0x6c _build/nrf52832_xxaa/bsp_btn_ble.c.o
                0x0000000000029ecc                bsp_btn_ble_init
 .text.sd_power_system_off
                0x0000000000029f38        0x4 _build/nrf52832_xxaa/main.c.o
 .text.sd_app_evt_wait
                0x0000000000029f3c        0x4 _build/nrf52832_xxaa/main.c.o
 .text.sd_ble_gap_disconnect
                0x0000000000029f40        0x4 _build/nrf52832_xxaa/main.c.o
 .text.sd_ble_gap_appearance_set
                0x0000000000029f44        0x4 _build/nrf52832_xxaa/main.c.o
 .text.sd_ble_gap_ppcp_set
                0x0000000000029f48        0x4 _build/nrf52832_xxaa/main.c.o
 .text.sd_ble_gap_device_name_set
                0x0000000000029f4c        0x4 _build/nrf52832_xxaa/main.c.o
 .text.sd_ble_gap_phy_update
                0x0000000000029f50        0x4 _build/nrf52832_xxaa/main.c.o
 .text.sd_ble_gatts_rw_authorize_reply
                0x0000000000029f54        0x4 _build/nrf52832_xxaa/main.c.o
 .text.sd_ble_user_mem_reply
                0x0000000000029f58        0x4 _build/nrf52832_xxaa/main.c.o
 .text.fds_evt_handler
                0x0000000000029f5c        0x4 _build/nrf52832_xxaa/main.c.o
 .text.conn_params_error_handler
                0x0000000000029f60        0x4 _build/nrf52832_xxaa/main.c.o
 .text.sensor_contact_detected_timeout_handler
                0x0000000000029f64       0x1c _build/nrf52832_xxaa/main.c.o
 .text.heart_rate_meas_timeout_handler
                0x0000000000029f80       0x64 _build/nrf52832_xxaa/main.c.o
 .text.battery_level_meas_timeout_handler
                0x0000000000029fe4       0x3c _build/nrf52832_xxaa/main.c.o
 .text.ble_evt_handler
                0x000000000002a020       0xe8 _build/nrf52832_xxaa/main.c.o
 .text.gatt_evt_handler
                0x000000000002a108       0x48 _build/nrf52832_xxaa/main.c.o
 .text.on_conn_params_evt
                0x000000000002a150       0x24 _build/nrf52832_xxaa/main.c.o
 .text.bsp_event_handler
                0x000000000002a174       0x70 _build/nrf52832_xxaa/main.c.o
                0x000000000002a174                bsp_event_handler
 .text.rr_interval_timeout_handler
                0x000000000002a1e4       0x80 _build/nrf52832_xxaa/main.c.o
 .text.on_adv_evt
                0x000000000002a264       0x58 _build/nrf52832_xxaa/main.c.o
 .text.pm_evt_handler
                0x000000000002a2bc       0xb0 _build/nrf52832_xxaa/main.c.o
 .text.startup.main
                0x000000000002a36c      0x410 _build/nrf52832_xxaa/main.c.o
                0x000000000002a36c                main
 .text.sd_ble_gap_addr_get
                0x000000000002a77c        0x4 _build/nrf52832_xxaa/ble_advdata.c.o
 .text.sd_ble_gap_adv_data_set
                0x000000000002a780        0x4 _build/nrf52832_xxaa/ble_advdata.c.o
 .text.sd_ble_gap_appearance_get
                0x000000000002a784        0x4 _build/nrf52832_xxaa/ble_advdata.c.o
 .text.sd_ble_gap_device_name_get
                0x000000000002a788        0x4 _build/nrf52832_xxaa/ble_advdata.c.o
 .text.sd_ble_uuid_encode
                0x000000000002a78c        0x4 _build/nrf52832_xxaa/ble_advdata.c.o
 .text.uuid_list_sized_encode
                0x000000000002a790       0xd0 _build/nrf52832_xxaa/ble_advdata.c.o
 .text.ble_advdata_encode
                0x000000000002a860      0x3ec _build/nrf52832_xxaa/ble_advdata.c.o
                0x000000000002a860                ble_advdata_encode
 .text.ble_advdata_set
                0x000000000002ac4c      0x4e4 _build/nrf52832_xxaa/ble_advdata.c.o
                0x000000000002ac4c                ble_advdata_set
 .text.sd_ble_gap_adv_start
                0x000000000002b130        0x4 _build/nrf52832_xxaa/ble_advertising.c.o
 .text.sd_ble_gap_adv_stop
                0x000000000002b134        0x4 _build/nrf52832_xxaa/ble_advertising.c.o
 .text.ble_advertising_start.part.2
                0x000000000002b138      0x228 _build/nrf52832_xxaa/ble_advertising.c.o
 .text.ble_advertising_conn_cfg_tag_set
                0x000000000002b360        0x8 _build/nrf52832_xxaa/ble_advertising.c.o
                0x000000000002b360                ble_advertising_conn_cfg_tag_set
 .text.ble_advertising_init
                0x000000000002b368      0x160 _build/nrf52832_xxaa/ble_advertising.c.o
                0x000000000002b368                ble_advertising_init
 .text.ble_advertising_start
                0x000000000002b4c8      0x1f8 _build/nrf52832_xxaa/ble_advertising.c.o
                0x000000000002b4c8                ble_advertising_start
 .text.ble_advertising_on_ble_evt
                0x000000000002b6c0       0x94 _build/nrf52832_xxaa/ble_advertising.c.o
                0x000000000002b6c0                ble_advertising_on_ble_evt
 .text.ble_advertising_on_sys_evt
                0x000000000002b754       0x44 _build/nrf52832_xxaa/ble_advertising.c.o
                0x000000000002b754                ble_advertising_on_sys_evt
 .text.ble_advertising_restart_without_whitelist
                0x000000000002b798       0x5c _build/nrf52832_xxaa/ble_advertising.c.o
                0x000000000002b798                ble_advertising_restart_without_whitelist
 .text.sd_ble_gap_conn_param_update
                0x000000000002b7f4        0x4 _build/nrf52832_xxaa/ble_conn_params.c.o
 .text.sd_ble_gap_disconnect
                0x000000000002b7f8        0x4 _build/nrf52832_xxaa/ble_conn_params.c.o
 .text.sd_ble_gap_ppcp_set
                0x000000000002b7fc        0x4 _build/nrf52832_xxaa/ble_conn_params.c.o
 .text.sd_ble_gap_ppcp_get
                0x000000000002b800        0x4 _build/nrf52832_xxaa/ble_conn_params.c.o
 .text.update_timeout_handler
                0x000000000002b804       0x80 _build/nrf52832_xxaa/ble_conn_params.c.o
 .text.ble_evt_handler
                0x000000000002b884      0x1d4 _build/nrf52832_xxaa/ble_conn_params.c.o
 .text.ble_conn_params_init
                0x000000000002ba58       0x7c _build/nrf52832_xxaa/ble_conn_params.c.o
                0x000000000002ba58                ble_conn_params_init
 .text.ble_evt_handler
                0x000000000002bad4      0x114 _build/nrf52832_xxaa/ble_conn_state.c.o
 .text.ble_conn_state_role
                0x000000000002bbe8       0x2c _build/nrf52832_xxaa/ble_conn_state.c.o
                0x000000000002bbe8                ble_conn_state_role
 .text.ble_conn_state_encrypted
                0x000000000002bc14       0x10 _build/nrf52832_xxaa/ble_conn_state.c.o
                0x000000000002bc14                ble_conn_state_encrypted
 .text.ble_conn_state_mitm_protected
                0x000000000002bc24       0x10 _build/nrf52832_xxaa/ble_conn_state.c.o
                0x000000000002bc24                ble_conn_state_mitm_protected
 .text.ble_conn_state_conn_handles
                0x000000000002bc34       0x18 _build/nrf52832_xxaa/ble_conn_state.c.o
                0x000000000002bc34                ble_conn_state_conn_handles
 .text.ble_conn_state_user_flag_acquire
                0x000000000002bc4c       0x30 _build/nrf52832_xxaa/ble_conn_state.c.o
                0x000000000002bc4c                ble_conn_state_user_flag_acquire
 .text.ble_conn_state_user_flag_get
                0x000000000002bc7c       0x28 _build/nrf52832_xxaa/ble_conn_state.c.o
                0x000000000002bc7c                ble_conn_state_user_flag_get
 .text.ble_conn_state_user_flag_set
                0x000000000002bca4       0x28 _build/nrf52832_xxaa/ble_conn_state.c.o
                0x000000000002bca4                ble_conn_state_user_flag_set
 .text.ble_conn_state_user_flag_collection
                0x000000000002bccc       0x1c _build/nrf52832_xxaa/ble_conn_state.c.o
                0x000000000002bccc                ble_conn_state_user_flag_collection
 .text.ble_srv_is_notification_enabled
                0x000000000002bce8        0x8 _build/nrf52832_xxaa/ble_srv_common.c.o
                0x000000000002bce8                ble_srv_is_notification_enabled
 .text.ble_srv_report_ref_encode
                0x000000000002bcf0        0xc _build/nrf52832_xxaa/ble_srv_common.c.o
                0x000000000002bcf0                ble_srv_report_ref_encode
 .text.ble_srv_ascii_to_utf8
                0x000000000002bcfc       0x14 _build/nrf52832_xxaa/ble_srv_common.c.o
                0x000000000002bcfc                ble_srv_ascii_to_utf8
 .text.local_db_update_in_evt
                0x000000000002bd10       0x9c _build/nrf52832_xxaa/gatt_cache_manager.c.o
 .text.local_db_apply_in_evt.part.1
                0x000000000002bdac       0x94 _build/nrf52832_xxaa/gatt_cache_manager.c.o
 .text.service_changed_pending_flags_check.part.2
                0x000000000002be40       0xf8 _build/nrf52832_xxaa/gatt_cache_manager.c.o
 .text.gcm_gscm_evt_handler
                0x000000000002bf38       0x80 _build/nrf52832_xxaa/gatt_cache_manager.c.o
                0x000000000002bf38                gcm_gscm_evt_handler
 .text.gcm_im_evt_handler
                0x000000000002bfb8       0xb4 _build/nrf52832_xxaa/gatt_cache_manager.c.o
                0x000000000002bfb8                gcm_im_evt_handler
 .text.gcm_smd_evt_handler
                0x000000000002c06c       0xb0 _build/nrf52832_xxaa/gatt_cache_manager.c.o
                0x000000000002c06c                gcm_smd_evt_handler
 .text.gcm_init
                0x000000000002c11c       0x54 _build/nrf52832_xxaa/gatt_cache_manager.c.o
                0x000000000002c11c                gcm_init
 .text.gcm_ble_evt_handler
                0x000000000002c170      0x114 _build/nrf52832_xxaa/gatt_cache_manager.c.o
                0x000000000002c170                gcm_ble_evt_handler
 .text.gcm_local_database_has_changed
                0x000000000002c284       0x70 _build/nrf52832_xxaa/gatt_cache_manager.c.o
                0x000000000002c284                gcm_local_database_has_changed
 .text.sd_ble_gatts_service_changed
                0x000000000002c2f4        0x4 _build/nrf52832_xxaa/gatts_cache_manager.c.o
 .text.sd_ble_gatts_sys_attr_set
                0x000000000002c2f8        0x4 _build/nrf52832_xxaa/gatts_cache_manager.c.o
 .text.sd_ble_gatts_sys_attr_get
                0x000000000002c2fc        0x4 _build/nrf52832_xxaa/gatts_cache_manager.c.o
 .text.gscm_pdb_evt_handler
                0x000000000002c300       0x8c _build/nrf52832_xxaa/gatts_cache_manager.c.o
                0x000000000002c300                gscm_pdb_evt_handler
 .text.gscm_init
                0x000000000002c38c       0x10 _build/nrf52832_xxaa/gatts_cache_manager.c.o
                0x000000000002c38c                gscm_init
 .text.gscm_local_db_cache_update
                0x000000000002c39c       0x98 _build/nrf52832_xxaa/gatts_cache_manager.c.o
                0x000000000002c39c                gscm_local_db_cache_update
 .text.gscm_local_db_cache_apply
                0x000000000002c434       0x84 _build/nrf52832_xxaa/gatts_cache_manager.c.o
                0x000000000002c434                gscm_local_db_cache_apply
 .text.gscm_local_database_has_changed
                0x000000000002c4b8       0x5c _build/nrf52832_xxaa/gatts_cache_manager.c.o
                0x000000000002c4b8                gscm_local_database_has_changed
 .text.gscm_service_changed_ind_needed
                0x000000000002c514       0x24 _build/nrf52832_xxaa/gatts_cache_manager.c.o
                0x000000000002c514                gscm_service_changed_ind_needed
 .text.gscm_service_changed_ind_send
                0x000000000002c538       0x2c _build/nrf52832_xxaa/gatts_cache_manager.c.o
                0x000000000002c538                gscm_service_changed_ind_send
 .text.gscm_db_change_notification_done
                0x000000000002c564       0x24 _build/nrf52832_xxaa/gatts_cache_manager.c.o
                0x000000000002c564                gscm_db_change_notification_done
 .text.sd_ecb_block_encrypt
                0x000000000002c588        0x4 _build/nrf52832_xxaa/id_manager.c.o
 .text.im_ble_evt_handler
                0x000000000002c58c      0x270 _build/nrf52832_xxaa/id_manager.c.o
                0x000000000002c58c                im_ble_evt_handler
 .text.im_pdb_evt_handler
                0x000000000002c7fc      0x118 _build/nrf52832_xxaa/id_manager.c.o
                0x000000000002c7fc                im_pdb_evt_handler
 .text.im_init  0x000000000002c914       0x34 _build/nrf52832_xxaa/id_manager.c.o
                0x000000000002c914                im_init
 .text.im_peer_id_get_by_conn_handle
                0x000000000002c948       0x40 _build/nrf52832_xxaa/id_manager.c.o
                0x000000000002c948                im_peer_id_get_by_conn_handle
 .text.im_ble_addr_get
                0x000000000002c988       0x50 _build/nrf52832_xxaa/id_manager.c.o
                0x000000000002c988                im_ble_addr_get
 .text.im_master_ids_compare
                0x000000000002c9d8       0x44 _build/nrf52832_xxaa/id_manager.c.o
                0x000000000002c9d8                im_master_ids_compare
 .text.im_peer_id_get_by_master_id
                0x000000000002ca1c       0xf0 _build/nrf52832_xxaa/id_manager.c.o
                0x000000000002ca1c                im_peer_id_get_by_master_id
 .text.im_conn_handle_get
                0x000000000002cb0c       0x38 _build/nrf52832_xxaa/id_manager.c.o
                0x000000000002cb0c                im_conn_handle_get
 .text.im_master_id_is_valid
                0x000000000002cb44       0x30 _build/nrf52832_xxaa/id_manager.c.o
                0x000000000002cb44                im_master_id_is_valid
 .text.im_new_peer_id
                0x000000000002cb74       0x3c _build/nrf52832_xxaa/id_manager.c.o
                0x000000000002cb74                im_new_peer_id
 .text.im_peer_free
                0x000000000002cbb0       0x7c _build/nrf52832_xxaa/id_manager.c.o
                0x000000000002cbb0                im_peer_free
 .text.sd_ble_gap_data_length_update
                0x000000000002cc2c        0x4 _build/nrf52832_xxaa/nrf_ble_gatt.c.o
 .text.sd_ble_gattc_exchange_mtu_request
                0x000000000002cc30        0x4 _build/nrf52832_xxaa/nrf_ble_gatt.c.o
 .text.sd_ble_gatts_exchange_mtu_reply
                0x000000000002cc34        0x4 _build/nrf52832_xxaa/nrf_ble_gatt.c.o
 .text.nrf_ble_gatt_init
                0x000000000002cc38       0x30 _build/nrf52832_xxaa/nrf_ble_gatt.c.o
                0x000000000002cc38                nrf_ble_gatt_init
 .text.nrf_ble_gatt_on_ble_evt
                0x000000000002cc68      0x1f0 _build/nrf52832_xxaa/nrf_ble_gatt.c.o
                0x000000000002cc68                nrf_ble_gatt_on_ble_evt
 .text.peer_data_delete
                0x000000000002ce58       0x90 _build/nrf52832_xxaa/peer_data_storage.c.o
 .text.fds_evt_handler
                0x000000000002cee8      0x128 _build/nrf52832_xxaa/peer_data_storage.c.o
 .text.pds_init
                0x000000000002d010       0x6c _build/nrf52832_xxaa/peer_data_storage.c.o
                0x000000000002d010                pds_init
 .text.pds_peer_data_read
                0x000000000002d07c       0x84 _build/nrf52832_xxaa/peer_data_storage.c.o
                0x000000000002d07c                pds_peer_data_read
 .text.pds_peer_data_iterate_prepare
                0x000000000002d100       0x10 _build/nrf52832_xxaa/peer_data_storage.c.o
                0x000000000002d100                pds_peer_data_iterate_prepare
 .text.pds_peer_data_iterate
                0x000000000002d110       0x50 _build/nrf52832_xxaa/peer_data_storage.c.o
                0x000000000002d110                pds_peer_data_iterate
 .text.pds_space_reserve
                0x000000000002d160       0x30 _build/nrf52832_xxaa/peer_data_storage.c.o
                0x000000000002d160                pds_space_reserve
 .text.pds_space_reserve_cancel
                0x000000000002d190       0x20 _build/nrf52832_xxaa/peer_data_storage.c.o
                0x000000000002d190                pds_space_reserve_cancel
 .text.pds_peer_data_store
                0x000000000002d1b0       0xc0 _build/nrf52832_xxaa/peer_data_storage.c.o
                0x000000000002d1b0                pds_peer_data_store
 .text.pds_peer_id_allocate
                0x000000000002d270        0x8 _build/nrf52832_xxaa/peer_data_storage.c.o
                0x000000000002d270                pds_peer_id_allocate
 .text.pds_peer_id_free
                0x000000000002d278       0x18 _build/nrf52832_xxaa/peer_data_storage.c.o
                0x000000000002d278                pds_peer_id_free
 .text.pds_peer_id_is_allocated
                0x000000000002d290        0x4 _build/nrf52832_xxaa/peer_data_storage.c.o
                0x000000000002d290                pds_peer_id_is_allocated
 .text.pds_next_peer_id_get
                0x000000000002d294        0x4 _build/nrf52832_xxaa/peer_data_storage.c.o
                0x000000000002d294                pds_next_peer_id_get
 .text.pds_next_deleted_peer_id_get
                0x000000000002d298        0x4 _build/nrf52832_xxaa/peer_data_storage.c.o
                0x000000000002d298                pds_next_deleted_peer_id_get
 .text.pdb_write_buf_store.part.2
                0x000000000002d29c      0x450 _build/nrf52832_xxaa/peer_database.c.o
 .text.pdb_pds_evt_handler
                0x000000000002d6ec      0x628 _build/nrf52832_xxaa/peer_database.c.o
                0x000000000002d6ec                pdb_pds_evt_handler
 .text.pdb_init
                0x000000000002dd14      0x148 _build/nrf52832_xxaa/peer_database.c.o
                0x000000000002dd14                pdb_init
 .text.pdb_peer_allocate
                0x000000000002de5c        0x4 _build/nrf52832_xxaa/peer_database.c.o
                0x000000000002de5c                pdb_peer_allocate
 .text.pdb_peer_free
                0x000000000002de60      0x55c _build/nrf52832_xxaa/peer_database.c.o
                0x000000000002de60                pdb_peer_free
 .text.pdb_peer_data_ptr_get
                0x000000000002e3bc        0x8 _build/nrf52832_xxaa/peer_database.c.o
                0x000000000002e3bc                pdb_peer_data_ptr_get
 .text.pdb_write_buf_get
                0x000000000002e3c4      0x810 _build/nrf52832_xxaa/peer_database.c.o
                0x000000000002e3c4                pdb_write_buf_get
 .text.pdb_write_buf_release
                0x000000000002ebd4      0x3b8 _build/nrf52832_xxaa/peer_database.c.o
                0x000000000002ebd4                pdb_write_buf_release
 .text.pdb_write_buf_store_prepare
                0x000000000002ef8c      0x3b4 _build/nrf52832_xxaa/peer_database.c.o
                0x000000000002ef8c                pdb_write_buf_store_prepare
 .text.pdb_write_buf_store
                0x000000000002f340       0x10 _build/nrf52832_xxaa/peer_database.c.o
                0x000000000002f340                pdb_write_buf_store
 .text.pdb_next_peer_id_get
                0x000000000002f350        0x4 _build/nrf52832_xxaa/peer_database.c.o
                0x000000000002f350                pdb_next_peer_id_get
 .text.pdb_next_deleted_peer_id_get
                0x000000000002f354        0x4 _build/nrf52832_xxaa/peer_database.c.o
                0x000000000002f354                pdb_next_deleted_peer_id_get
 .text.pdb_raw_store
                0x000000000002f358        0x8 _build/nrf52832_xxaa/peer_database.c.o
                0x000000000002f358                pdb_raw_store
 .text.peer_id_init
                0x000000000002f360       0x2c _build/nrf52832_xxaa/peer_id.c.o
                0x000000000002f360                peer_id_init
 .text.peer_id_allocate
                0x000000000002f38c       0x38 _build/nrf52832_xxaa/peer_id.c.o
                0x000000000002f38c                peer_id_allocate
 .text.peer_id_delete
                0x000000000002f3c4       0x24 _build/nrf52832_xxaa/peer_id.c.o
                0x000000000002f3c4                peer_id_delete
 .text.peer_id_free
                0x000000000002f3e8       0x28 _build/nrf52832_xxaa/peer_id.c.o
                0x000000000002f3e8                peer_id_free
 .text.peer_id_is_allocated
                0x000000000002f410       0x14 _build/nrf52832_xxaa/peer_id.c.o
                0x000000000002f410                peer_id_is_allocated
 .text.peer_id_get_next_used
                0x000000000002f424       0x70 _build/nrf52832_xxaa/peer_id.c.o
                0x000000000002f424                peer_id_get_next_used
 .text.peer_id_get_next_deleted
                0x000000000002f494       0x40 _build/nrf52832_xxaa/peer_id.c.o
                0x000000000002f494                peer_id_get_next_deleted
 .text.ble_evt_handler
                0x000000000002f4d4       0x24 _build/nrf52832_xxaa/peer_manager.c.o
 .text.pm_pdb_evt_handler
                0x000000000002f4f8      0x21c _build/nrf52832_xxaa/peer_manager.c.o
                0x000000000002f4f8                pm_pdb_evt_handler
 .text.pm_sm_evt_handler
                0x000000000002f714      0x1d4 _build/nrf52832_xxaa/peer_manager.c.o
                0x000000000002f714                pm_sm_evt_handler
 .text.pm_gcm_evt_handler
                0x000000000002f8e8       0xb8 _build/nrf52832_xxaa/peer_manager.c.o
                0x000000000002f8e8                pm_gcm_evt_handler
 .text.pm_im_evt_handler
                0x000000000002f9a0       0x74 _build/nrf52832_xxaa/peer_manager.c.o
                0x000000000002f9a0                pm_im_evt_handler
 .text.pm_init  0x000000000002fa14       0x84 _build/nrf52832_xxaa/peer_manager.c.o
                0x000000000002fa14                pm_init
 .text.pm_register
                0x000000000002fa98       0x38 _build/nrf52832_xxaa/peer_manager.c.o
                0x000000000002fa98                pm_register
 .text.pm_sec_params_set
                0x000000000002fad0       0x14 _build/nrf52832_xxaa/peer_manager.c.o
                0x000000000002fad0                pm_sec_params_set
 .text.pm_conn_sec_config_reply
                0x000000000002fae4        0x4 _build/nrf52832_xxaa/peer_manager.c.o
                0x000000000002fae4                pm_conn_sec_config_reply
 .text.pm_local_database_has_changed
                0x000000000002fae8       0x10 _build/nrf52832_xxaa/peer_manager.c.o
                0x000000000002fae8                pm_local_database_has_changed
 .text.pm_peers_delete
                0x000000000002faf8       0x9c _build/nrf52832_xxaa/peer_manager.c.o
                0x000000000002faf8                pm_peers_delete
 .text.pm_buffer_init
                0x000000000002fb94       0x40 _build/nrf52832_xxaa/pm_buffer.c.o
                0x000000000002fb94                pm_buffer_init
 .text.pm_buffer_block_acquire
                0x000000000002fbd4       0x90 _build/nrf52832_xxaa/pm_buffer.c.o
                0x000000000002fbd4                pm_buffer_block_acquire
 .text.pm_buffer_ptr_get
                0x000000000002fc64       0x30 _build/nrf52832_xxaa/pm_buffer.c.o
                0x000000000002fc64                pm_buffer_ptr_get
 .text.pm_buffer_release
                0x000000000002fc94       0x30 _build/nrf52832_xxaa/pm_buffer.c.o
                0x000000000002fc94                pm_buffer_release
 .text.pm_mutex_init
                0x000000000002fcc4       0x10 _build/nrf52832_xxaa/pm_mutex.c.o
                0x000000000002fcc4                pm_mutex_init
 .text.pm_mutex_lock
                0x000000000002fcd4       0x54 _build/nrf52832_xxaa/pm_mutex.c.o
                0x000000000002fcd4                pm_mutex_lock
 .text.pm_mutex_unlock
                0x000000000002fd28       0x40 _build/nrf52832_xxaa/pm_mutex.c.o
                0x000000000002fd28                pm_mutex_unlock
 .text.pm_mutex_lock_first_available
                0x000000000002fd68       0x78 _build/nrf52832_xxaa/pm_mutex.c.o
                0x000000000002fd68                pm_mutex_lock_first_available
 .text.pm_mutex_lock_status_get
                0x000000000002fde0       0x20 _build/nrf52832_xxaa/pm_mutex.c.o
                0x000000000002fde0                pm_mutex_lock_status_get
 .text.sd_ble_gap_authenticate
                0x000000000002fe00        0x4 _build/nrf52832_xxaa/security_dispatcher.c.o
 .text.sd_ble_gap_sec_params_reply
                0x000000000002fe04        0x4 _build/nrf52832_xxaa/security_dispatcher.c.o
 .text.sd_ble_gap_encrypt
                0x000000000002fe08        0x4 _build/nrf52832_xxaa/security_dispatcher.c.o
 .text.sd_ble_gap_sec_info_reply
                0x000000000002fe0c        0x4 _build/nrf52832_xxaa/security_dispatcher.c.o
 .text.pairing_failure
                0x000000000002fe10       0x80 _build/nrf52832_xxaa/security_dispatcher.c.o
 .text.smd_pdb_evt_handler
                0x000000000002fe90       0x3c _build/nrf52832_xxaa/security_dispatcher.c.o
                0x000000000002fe90                smd_pdb_evt_handler
 .text.smd_init
                0x000000000002fecc       0x58 _build/nrf52832_xxaa/security_dispatcher.c.o
                0x000000000002fecc                smd_init
 .text.smd_params_reply
                0x000000000002ff24      0x1c4 _build/nrf52832_xxaa/security_dispatcher.c.o
                0x000000000002ff24                smd_params_reply
 .text.smd_link_secure
                0x00000000000300e8      0x270 _build/nrf52832_xxaa/security_dispatcher.c.o
                0x00000000000300e8                smd_link_secure
 .text.smd_ble_evt_handler
                0x0000000000030358      0x3b4 _build/nrf52832_xxaa/security_dispatcher.c.o
                0x0000000000030358                smd_ble_evt_handler
 .text.link_secure
                0x000000000003070c      0x170 _build/nrf52832_xxaa/security_manager.c.o
 .text.smd_params_reply_perform
                0x000000000003087c      0x170 _build/nrf52832_xxaa/security_manager.c.o
 .text.sm_smd_evt_handler
                0x00000000000309ec      0x178 _build/nrf52832_xxaa/security_manager.c.o
                0x00000000000309ec                sm_smd_evt_handler
 .text.sm_pdb_evt_handler
                0x0000000000030b64      0x178 _build/nrf52832_xxaa/security_manager.c.o
                0x0000000000030b64                sm_pdb_evt_handler
 .text.sm_init  0x0000000000030cdc       0xc0 _build/nrf52832_xxaa/security_manager.c.o
                0x0000000000030cdc                sm_init
 .text.sm_ble_evt_handler
                0x0000000000030d9c      0x16c _build/nrf52832_xxaa/security_manager.c.o
                0x0000000000030d9c                sm_ble_evt_handler
 .text.sm_sec_params_set
                0x0000000000030f08       0x78 _build/nrf52832_xxaa/security_manager.c.o
                0x0000000000030f08                sm_sec_params_set
 .text.sm_conn_sec_config_reply
                0x0000000000030f80       0x14 _build/nrf52832_xxaa/security_manager.c.o
                0x0000000000030f80                sm_conn_sec_config_reply
 .text          0x0000000000030f94       0x3c _build/nrf52832_xxaa/gcc_startup_nrf52.S.o
                0x0000000000030f94                Reset_Handler
                0x0000000000030fbc                NMI_Handler
                0x0000000000030fbe                HardFault_Handler
                0x0000000000030fc0                MemoryManagement_Handler
                0x0000000000030fc2                BusFault_Handler
                0x0000000000030fc4                UsageFault_Handler
                0x0000000000030fc6                SVC_Handler
                0x0000000000030fc8                DebugMon_Handler
                0x0000000000030fca                PendSV_Handler
                0x0000000000030fcc                SysTick_Handler
                0x0000000000030fce                TIMER2_IRQHandler
                0x0000000000030fce                RTC0_IRQHandler
                0x0000000000030fce                PWM1_IRQHandler
                0x0000000000030fce                RADIO_IRQHandler
                0x0000000000030fce                PDM_IRQHandler
                0x0000000000030fce                TEMP_IRQHandler
                0x0000000000030fce                QDEC_IRQHandler
                0x0000000000030fce                TIMER3_IRQHandler
                0x0000000000030fce                FPU_IRQHandler
                0x0000000000030fce                SPIM0_SPIS0_TWIM0_TWIS0_SPI0_TWI0_IRQHandler
                0x0000000000030fce                TIMER4_IRQHandler
                0x0000000000030fce                I2S_IRQHandler
                0x0000000000030fce                SWI4_EGU4_IRQHandler
                0x0000000000030fce                TIMER0_IRQHandler
                0x0000000000030fce                TIMER1_IRQHandler
                0x0000000000030fce                PWM2_IRQHandler
                0x0000000000030fce                ECB_IRQHandler
                0x0000000000030fce                SPIM1_SPIS1_TWIM1_TWIS1_SPI1_TWI1_IRQHandler
                0x0000000000030fce                Default_Handler
                0x0000000000030fce                SAADC_IRQHandler
                0x0000000000030fce                CCM_AAR_IRQHandler
                0x0000000000030fce                WDT_IRQHandler
                0x0000000000030fce                SWI5_EGU5_IRQHandler
                0x0000000000030fce                RNG_IRQHandler
                0x0000000000030fce                RTC2_IRQHandler
                0x0000000000030fce                PWM0_IRQHandler
                0x0000000000030fce                SWI3_EGU3_IRQHandler
                0x0000000000030fce                SWI1_EGU1_IRQHandler
                0x0000000000030fce                SPIM2_SPIS2_SPI2_IRQHandler
                0x0000000000030fce                NFCT_IRQHandler
                0x0000000000030fce                MWU_IRQHandler
                0x0000000000030fce                COMP_LPCOMP_IRQHandler
 .text.SystemInit
                0x0000000000030fd0      0x384 _build/nrf52832_xxaa/system_nrf52.c.o
                0x0000000000030fd0                SystemInit
 .text.sd_ble_gatts_service_add
                0x0000000000031354        0x4 _build/nrf52832_xxaa/ble_bas.c.o
 .text.sd_ble_gatts_characteristic_add
                0x0000000000031358        0x4 _build/nrf52832_xxaa/ble_bas.c.o
 .text.sd_ble_gatts_descriptor_add
                0x000000000003135c        0x4 _build/nrf52832_xxaa/ble_bas.c.o
 .text.sd_ble_gatts_value_set
                0x0000000000031360        0x4 _build/nrf52832_xxaa/ble_bas.c.o
 .text.sd_ble_gatts_hvx
                0x0000000000031364        0x4 _build/nrf52832_xxaa/ble_bas.c.o
 .text.ble_bas_on_ble_evt
                0x0000000000031368       0x5c _build/nrf52832_xxaa/ble_bas.c.o
                0x0000000000031368                ble_bas_on_ble_evt
 .text.ble_bas_init
                0x00000000000313c4      0x1a8 _build/nrf52832_xxaa/ble_bas.c.o
                0x00000000000313c4                ble_bas_init
 .text.ble_bas_battery_level_update
                0x000000000003156c       0x8c _build/nrf52832_xxaa/ble_bas.c.o
                0x000000000003156c                ble_bas_battery_level_update
 .text.sd_ble_gatts_service_add
                0x00000000000315f8        0x4 _build/nrf52832_xxaa/ble_dis.c.o
 .text.sd_ble_gatts_characteristic_add
                0x00000000000315fc        0x4 _build/nrf52832_xxaa/ble_dis.c.o
 .text.char_add
                0x0000000000031600       0xb8 _build/nrf52832_xxaa/ble_dis.c.o
 .text.ble_dis_init
                0x00000000000316b8      0x2d4 _build/nrf52832_xxaa/ble_dis.c.o
                0x00000000000316b8                ble_dis_init
 .text.sd_ble_gatts_service_add
                0x000000000003198c        0x4 _build/nrf52832_xxaa/ble_hrs.c.o
 .text.sd_ble_gatts_characteristic_add
                0x0000000000031990        0x4 _build/nrf52832_xxaa/ble_hrs.c.o
 .text.sd_ble_gatts_hvx
                0x0000000000031994        0x4 _build/nrf52832_xxaa/ble_hrs.c.o
 .text.heart_rate_measurement_char_add.isra.2
                0x0000000000031998      0x16c _build/nrf52832_xxaa/ble_hrs.c.o
 .text.ble_hrs_on_ble_evt
                0x0000000000031b04       0x54 _build/nrf52832_xxaa/ble_hrs.c.o
                0x0000000000031b04                ble_hrs_on_ble_evt
 .text.ble_hrs_init
                0x0000000000031b58       0xf8 _build/nrf52832_xxaa/ble_hrs.c.o
                0x0000000000031b58                ble_hrs_init
 .text.ble_hrs_heart_rate_measurement_send
                0x0000000000031c50      0x138 _build/nrf52832_xxaa/ble_hrs.c.o
                0x0000000000031c50                ble_hrs_heart_rate_measurement_send
 .text.ble_hrs_rr_interval_add
                0x0000000000031d88       0x30 _build/nrf52832_xxaa/ble_hrs.c.o
                0x0000000000031d88                ble_hrs_rr_interval_add
 .text.ble_hrs_sensor_contact_detected_update
                0x0000000000031db8        0x8 _build/nrf52832_xxaa/ble_hrs.c.o
                0x0000000000031db8                ble_hrs_sensor_contact_detected_update
 .text.ble_hrs_on_gatt_evt
                0x0000000000031dc0       0x20 _build/nrf52832_xxaa/ble_hrs.c.o
                0x0000000000031dc0                ble_hrs_on_gatt_evt
 .text.sd_softdevice_enable
                0x0000000000031de0        0x4 _build/nrf52832_xxaa/nrf_sdh.c.o
 .text.sd_softdevice_disable
                0x0000000000031de4        0x4 _build/nrf52832_xxaa/nrf_sdh.c.o
 .text.nrf_sdh_enable_request
                0x0000000000031de8       0xfc _build/nrf52832_xxaa/nrf_sdh.c.o
                0x0000000000031de8                nrf_sdh_enable_request
 .text.nrf_sdh_disable_request
                0x0000000000031ee4       0xcc _build/nrf52832_xxaa/nrf_sdh.c.o
                0x0000000000031ee4                nrf_sdh_disable_request
 .text.nrf_sdh_request_continue
                0x0000000000031fb0       0x20 _build/nrf52832_xxaa/nrf_sdh.c.o
                0x0000000000031fb0                nrf_sdh_request_continue
 .text.nrf_sdh_is_enabled
                0x0000000000031fd0        0xc _build/nrf52832_xxaa/nrf_sdh.c.o
                0x0000000000031fd0                nrf_sdh_is_enabled
 .text.SWI2_EGU2_IRQHandler
                0x0000000000031fdc       0x2c _build/nrf52832_xxaa/nrf_sdh.c.o
                0x0000000000031fdc                SWI2_EGU2_IRQHandler
 .text.sd_ble_enable
                0x0000000000032008        0x4 _build/nrf52832_xxaa/nrf_sdh_ble.c.o
 .text.sd_ble_cfg_set
                0x000000000003200c        0x4 _build/nrf52832_xxaa/nrf_sdh_ble.c.o
 .text.sd_ble_evt_get
                0x0000000000032010        0x4 _build/nrf52832_xxaa/nrf_sdh_ble.c.o
 .text.nrf_sdh_ble_evts_poll
                0x0000000000032014       0x50 _build/nrf52832_xxaa/nrf_sdh_ble.c.o
 .text.nrf_sdh_ble_default_cfg_set
                0x0000000000032064      0x1a8 _build/nrf52832_xxaa/nrf_sdh_ble.c.o
                0x0000000000032064                nrf_sdh_ble_default_cfg_set
 .text.nrf_sdh_ble_enable
                0x000000000003220c       0xa0 _build/nrf52832_xxaa/nrf_sdh_ble.c.o
                0x000000000003220c                nrf_sdh_ble_enable
 .text.sd_evt_get
                0x00000000000322ac        0x4 _build/nrf52832_xxaa/nrf_sdh_soc.c.o
 .text.nrf_sdh_soc_evts_poll
                0x00000000000322b0       0x4c _build/nrf52832_xxaa/nrf_sdh_soc.c.o
 .text.exit     0x00000000000322fc       0x28 /home/ashwin/nrf/gcc-arm-none-eabi-7-2018-q2-update-linux/gcc-arm-none-eabi-7-2018-q2-update/bin/../lib/gcc/arm-none-eabi/7.3.1/../../../../arm-none-eabi/lib/thumb/v7e-m/fpv4-sp/hard/libc_nano.a(lib_a-exit.o)
                0x00000000000322fc                exit
 .text.__libc_init_array
                0x0000000000032324       0x48 /home/ashwin/nrf/gcc-arm-none-eabi-7-2018-q2-update-linux/gcc-arm-none-eabi-7-2018-q2-update/bin/../lib/gcc/arm-none-eabi/7.3.1/../../../../arm-none-eabi/lib/thumb/v7e-m/fpv4-sp/hard/libc_nano.a(lib_a-init.o)
                0x0000000000032324                __libc_init_array
 .text.__locale_ctype_ptr
                0x000000000003236c       0x1c /home/ashwin/nrf/gcc-arm-none-eabi-7-2018-q2-update-linux/gcc-arm-none-eabi-7-2018-q2-update/bin/../lib/gcc/arm-none-eabi/7.3.1/../../../../arm-none-eabi/lib/thumb/v7e-m/fpv4-sp/hard/libc_nano.a(lib_a-locale.o)
                0x000000000003236c                __locale_ctype_ptr
 .text.__ascii_mbtowc
                0x0000000000032388       0x24 /home/ashwin/nrf/gcc-arm-none-eabi-7-2018-q2-update-linux/gcc-arm-none-eabi-7-2018-q2-update/bin/../lib/gcc/arm-none-eabi/7.3.1/../../../../arm-none-eabi/lib/thumb/v7e-m/fpv4-sp/hard/libc_nano.a(lib_a-mbtowc_r.o)
                0x0000000000032388                __ascii_mbtowc
 .text.memcmp   0x00000000000323ac       0x1e /home/ashwin/nrf/gcc-arm-none-eabi-7-2018-q2-update-linux/gcc-arm-none-eabi-7-2018-q2-update/bin/../lib/gcc/arm-none-eabi/7.3.1/../../../../arm-none-eabi/lib/thumb/v7e-m/fpv4-sp/hard/libc_nano.a(lib_a-memcmp.o)
                0x00000000000323ac                memcmp
 .text.memcpy   0x00000000000323ca       0x16 /home/ashwin/nrf/gcc-arm-none-eabi-7-2018-q2-update-linux/gcc-arm-none-eabi-7-2018-q2-update/bin/../lib/gcc/arm-none-eabi/7.3.1/../../../../arm-none-eabi/lib/thumb/v7e-m/fpv4-sp/hard/libc_nano.a(lib_a-memcpy-stub.o)
                0x00000000000323ca                memcpy
 .text.memmove  0x00000000000323e0       0x32 /home/ashwin/nrf/gcc-arm-none-eabi-7-2018-q2-update-linux/gcc-arm-none-eabi-7-2018-q2-update/bin/../lib/gcc/arm-none-eabi/7.3.1/../../../../arm-none-eabi/lib/thumb/v7e-m/fpv4-sp/hard/libc_nano.a(lib_a-memmove.o)
                0x00000000000323e0                memmove
 .text.memset   0x0000000000032412       0x10 /home/ashwin/nrf/gcc-arm-none-eabi-7-2018-q2-update-linux/gcc-arm-none-eabi-7-2018-q2-update/bin/../lib/gcc/arm-none-eabi/7.3.1/../../../../arm-none-eabi/lib/thumb/v7e-m/fpv4-sp/hard/libc_nano.a(lib_a-memset.o)
                0x0000000000032412                memset
 *fill*         0x0000000000032422        0x2 
 .text.printf   0x0000000000032424       0x30 /home/ashwin/nrf/gcc-arm-none-eabi-7-2018-q2-update-linux/gcc-arm-none-eabi-7-2018-q2-update/bin/../lib/gcc/arm-none-eabi/7.3.1/../../../../arm-none-eabi/lib/thumb/v7e-m/fpv4-sp/hard/libc_nano.a(lib_a-printf.o)
                0x0000000000032424                printf
                0x0000000000032424                iprintf
 .text          0x0000000000032454       0x10 /home/ashwin/nrf/gcc-arm-none-eabi-7-2018-q2-update-linux/gcc-arm-none-eabi-7-2018-q2-update/bin/../lib/gcc/arm-none-eabi/7.3.1/../../../../arm-none-eabi/lib/thumb/v7e-m/fpv4-sp/hard/libc_nano.a(lib_a-strlen.o)
                0x0000000000032454                strlen
 .text.__ascii_wctomb
                0x0000000000032464       0x1a /home/ashwin/nrf/gcc-arm-none-eabi-7-2018-q2-update-linux/gcc-arm-none-eabi-7-2018-q2-update/bin/../lib/gcc/arm-none-eabi/7.3.1/../../../../arm-none-eabi/lib/thumb/v7e-m/fpv4-sp/hard/libc_nano.a(lib_a-wctomb_r.o)
                0x0000000000032464                __ascii_wctomb
 *fill*         0x000000000003247e        0x2 
 .text.std      0x0000000000032480       0x48 /home/ashwin/nrf/gcc-arm-none-eabi-7-2018-q2-update-linux/gcc-arm-none-eabi-7-2018-q2-update/bin/../lib/gcc/arm-none-eabi/7.3.1/../../../../arm-none-eabi/lib/thumb/v7e-m/fpv4-sp/hard/libc_nano.a(lib_a-findfp.o)
 .text._cleanup_r
                0x00000000000324c8        0xc /home/ashwin/nrf/gcc-arm-none-eabi-7-2018-q2-update-linux/gcc-arm-none-eabi-7-2018-q2-update/bin/../lib/gcc/arm-none-eabi/7.3.1/../../../../arm-none-eabi/lib/thumb/v7e-m/fpv4-sp/hard/libc_nano.a(lib_a-findfp.o)
                0x00000000000324c8                _cleanup_r
 .text.__sfmoreglue
                0x00000000000324d4       0x2c /home/ashwin/nrf/gcc-arm-none-eabi-7-2018-q2-update-linux/gcc-arm-none-eabi-7-2018-q2-update/bin/../lib/gcc/arm-none-eabi/7.3.1/../../../../arm-none-eabi/lib/thumb/v7e-m/fpv4-sp/hard/libc_nano.a(lib_a-findfp.o)
                0x00000000000324d4                __sfmoreglue
 .text.__sinit  0x0000000000032500       0x60 /home/ashwin/nrf/gcc-arm-none-eabi-7-2018-q2-update-linux/gcc-arm-none-eabi-7-2018-q2-update/bin/../lib/gcc/arm-none-eabi/7.3.1/../../../../arm-none-eabi/lib/thumb/v7e-m/fpv4-sp/hard/libc_nano.a(lib_a-findfp.o)
                0x0000000000032500                __sinit
 .text.__sfp    0x0000000000032560       0x78 /home/ashwin/nrf/gcc-arm-none-eabi-7-2018-q2-update-linux/gcc-arm-none-eabi-7-2018-q2-update/bin/../lib/gcc/arm-none-eabi/7.3.1/../../../../arm-none-eabi/lib/thumb/v7e-m/fpv4-sp/hard/libc_nano.a(lib_a-findfp.o)
                0x0000000000032560                __sfp
 .text._fwalk_reent
                0x00000000000325d8       0x3c /home/ashwin/nrf/gcc-arm-none-eabi-7-2018-q2-update-linux/gcc-arm-none-eabi-7-2018-q2-update/bin/../lib/gcc/arm-none-eabi/7.3.1/../../../../arm-none-eabi/lib/thumb/v7e-m/fpv4-sp/hard/libc_nano.a(lib_a-fwalk.o)
                0x00000000000325d8                _fwalk_reent
 .text._malloc_r
                0x0000000000032614       0xb4 /home/ashwin/nrf/gcc-arm-none-eabi-7-2018-q2-update-linux/gcc-arm-none-eabi-7-2018-q2-update/bin/../lib/gcc/arm-none-eabi/7.3.1/../../../../arm-none-eabi/lib/thumb/v7e-m/fpv4-sp/hard/libc_nano.a(lib_a-nano-mallocr.o)
                0x0000000000032614                _malloc_r
 .text.__sfputc_r
                0x00000000000326c8       0x2e /home/ashwin/nrf/gcc-arm-none-eabi-7-2018-q2-update-linux/gcc-arm-none-eabi-7-2018-q2-update/bin/../lib/gcc/arm-none-eabi/7.3.1/../../../../arm-none-eabi/lib/thumb/v7e-m/fpv4-sp/hard/libc_nano.a(lib_a-nano-vfprintf.o)
 .text.__sfputs_r
                0x00000000000326f6       0x24 /home/ashwin/nrf/gcc-arm-none-eabi-7-2018-q2-update-linux/gcc-arm-none-eabi-7-2018-q2-update/bin/../lib/gcc/arm-none-eabi/7.3.1/../../../../arm-none-eabi/lib/thumb/v7e-m/fpv4-sp/hard/libc_nano.a(lib_a-nano-vfprintf.o)
                0x00000000000326f6                __sfputs_r
 *fill*         0x000000000003271a        0x2 
 .text._vfprintf_r
                0x000000000003271c      0x22c /home/ashwin/nrf/gcc-arm-none-eabi-7-2018-q2-update-linux/gcc-arm-none-eabi-7-2018-q2-update/bin/../lib/gcc/arm-none-eabi/7.3.1/../../../../arm-none-eabi/lib/thumb/v7e-m/fpv4-sp/hard/libc_nano.a(lib_a-nano-vfprintf.o)
                0x000000000003271c                _vfiprintf_r
                0x000000000003271c                _vfprintf_r
 .text._printf_common
                0x0000000000032948       0xea /home/ashwin/nrf/gcc-arm-none-eabi-7-2018-q2-update-linux/gcc-arm-none-eabi-7-2018-q2-update/bin/../lib/gcc/arm-none-eabi/7.3.1/../../../../arm-none-eabi/lib/thumb/v7e-m/fpv4-sp/hard/libc_nano.a(lib_a-nano-vfprintf_i.o)
                0x0000000000032948                _printf_common
 *fill*         0x0000000000032a32        0x2 
 .text._printf_i
                0x0000000000032a34      0x224 /home/ashwin/nrf/gcc-arm-none-eabi-7-2018-q2-update-linux/gcc-arm-none-eabi-7-2018-q2-update/bin/../lib/gcc/arm-none-eabi/7.3.1/../../../../arm-none-eabi/lib/thumb/v7e-m/fpv4-sp/hard/libc_nano.a(lib_a-nano-vfprintf_i.o)
                0x0000000000032a34                _printf_i
 .text._sbrk_r  0x0000000000032c58       0x20 /home/ashwin/nrf/gcc-arm-none-eabi-7-2018-q2-update-linux/gcc-arm-none-eabi-7-2018-q2-update/bin/../lib/gcc/arm-none-eabi/7.3.1/../../../../arm-none-eabi/lib/thumb/v7e-m/fpv4-sp/hard/libc_nano.a(lib_a-sbrkr.o)
                0x0000000000032c58                _sbrk_r
 .text.__sread  0x0000000000032c78       0x22 /home/ashwin/nrf/gcc-arm-none-eabi-7-2018-q2-update-linux/gcc-arm-none-eabi-7-2018-q2-update/bin/../lib/gcc/arm-none-eabi/7.3.1/../../../../arm-none-eabi/lib/thumb/v7e-m/fpv4-sp/hard/libc_nano.a(lib_a-stdio.o)
                0x0000000000032c78                __sread
 .text.__swrite
                0x0000000000032c9a       0x38 /home/ashwin/nrf/gcc-arm-none-eabi-7-2018-q2-update-linux/gcc-arm-none-eabi-7-2018-q2-update/bin/../lib/gcc/arm-none-eabi/7.3.1/../../../../arm-none-eabi/lib/thumb/v7e-m/fpv4-sp/hard/libc_nano.a(lib_a-stdio.o)
                0x0000000000032c9a                __swrite
 .text.__sseek  0x0000000000032cd2       0x24 /home/ashwin/nrf/gcc-arm-none-eabi-7-2018-q2-update-linux/gcc-arm-none-eabi-7-2018-q2-update/bin/../lib/gcc/arm-none-eabi/7.3.1/../../../../arm-none-eabi/lib/thumb/v7e-m/fpv4-sp/hard/libc_nano.a(lib_a-stdio.o)
                0x0000000000032cd2                __sseek
 .text.__sclose
                0x0000000000032cf6        0x8 /home/ashwin/nrf/gcc-arm-none-eabi-7-2018-q2-update-linux/gcc-arm-none-eabi-7-2018-q2-update/bin/../lib/gcc/arm-none-eabi/7.3.1/../../../../arm-none-eabi/lib/thumb/v7e-m/fpv4-sp/hard/libc_nano.a(lib_a-stdio.o)
                0x0000000000032cf6                __sclose
 *fill*         0x0000000000032cfe        0x2 
 .text.__swbuf_r
                0x0000000000032d00       0xa4 /home/ashwin/nrf/gcc-arm-none-eabi-7-2018-q2-update-linux/gcc-arm-none-eabi-7-2018-q2-update/bin/../lib/gcc/arm-none-eabi/7.3.1/../../../../arm-none-eabi/lib/thumb/v7e-m/fpv4-sp/hard/libc_nano.a(lib_a-wbuf.o)
                0x0000000000032d00                __swbuf_r
 .text._write_r
                0x0000000000032da4       0x24 /home/ashwin/nrf/gcc-arm-none-eabi-7-2018-q2-update-linux/gcc-arm-none-eabi-7-2018-q2-update/bin/../lib/gcc/arm-none-eabi/7.3.1/../../../../arm-none-eabi/lib/thumb/v7e-m/fpv4-sp/hard/libc_nano.a(lib_a-writer.o)
                0x0000000000032da4                _write_r
 .text.__swsetup_r
                0x0000000000032dc8       0xdc /home/ashwin/nrf/gcc-arm-none-eabi-7-2018-q2-update-linux/gcc-arm-none-eabi-7-2018-q2-update/bin/../lib/gcc/arm-none-eabi/7.3.1/../../../../arm-none-eabi/lib/thumb/v7e-m/fpv4-sp/hard/libc_nano.a(lib_a-wsetup.o)
                0x0000000000032dc8                __swsetup_r
 .text._close_r
                0x0000000000032ea4       0x20 /home/ashwin/nrf/gcc-arm-none-eabi-7-2018-q2-update-linux/gcc-arm-none-eabi-7-2018-q2-update/bin/../lib/gcc/arm-none-eabi/7.3.1/../../../../arm-none-eabi/lib/thumb/v7e-m/fpv4-sp/hard/libc_nano.a(lib_a-closer.o)
                0x0000000000032ea4                _close_r
 .text.__sflush_r
                0x0000000000032ec4      0x10c /home/ashwin/nrf/gcc-arm-none-eabi-7-2018-q2-update-linux/gcc-arm-none-eabi-7-2018-q2-update/bin/../lib/gcc/arm-none-eabi/7.3.1/../../../../arm-none-eabi/lib/thumb/v7e-m/fpv4-sp/hard/libc_nano.a(lib_a-fflush.o)
                0x0000000000032ec4                __sflush_r
 .text._fflush_r
                0x0000000000032fd0       0x54 /home/ashwin/nrf/gcc-arm-none-eabi-7-2018-q2-update-linux/gcc-arm-none-eabi-7-2018-q2-update/bin/../lib/gcc/arm-none-eabi/7.3.1/../../../../arm-none-eabi/lib/thumb/v7e-m/fpv4-sp/hard/libc_nano.a(lib_a-fflush.o)
                0x0000000000032fd0                _fflush_r
 .text._lseek_r
                0x0000000000033024       0x24 /home/ashwin/nrf/gcc-arm-none-eabi-7-2018-q2-update-linux/gcc-arm-none-eabi-7-2018-q2-update/bin/../lib/gcc/arm-none-eabi/7.3.1/../../../../arm-none-eabi/lib/thumb/v7e-m/fpv4-sp/hard/libc_nano.a(lib_a-lseekr.o)
                0x0000000000033024                _lseek_r
 .text.__swhatbuf_r
                0x0000000000033048       0x48 /home/ashwin/nrf/gcc-arm-none-eabi-7-2018-q2-update-linux/gcc-arm-none-eabi-7-2018-q2-update/bin/../lib/gcc/arm-none-eabi/7.3.1/../../../../arm-none-eabi/lib/thumb/v7e-m/fpv4-sp/hard/libc_nano.a(lib_a-makebuf.o)
                0x0000000000033048                __swhatbuf_r
 .text.__smakebuf_r
                0x0000000000033090       0x80 /home/ashwin/nrf/gcc-arm-none-eabi-7-2018-q2-update-linux/gcc-arm-none-eabi-7-2018-q2-update/bin/../lib/gcc/arm-none-eabi/7.3.1/../../../../arm-none-eabi/lib/thumb/v7e-m/fpv4-sp/hard/libc_nano.a(lib_a-makebuf.o)
                0x0000000000033090                __smakebuf_r
 .text          0x0000000000033110       0xa0 /home/ashwin/nrf/gcc-arm-none-eabi-7-2018-q2-update-linux/gcc-arm-none-eabi-7-2018-q2-update/bin/../lib/gcc/arm-none-eabi/7.3.1/../../../../arm-none-eabi/lib/thumb/v7e-m/fpv4-sp/hard/libc_nano.a(lib_a-memchr.o)
                0x0000000000033110                memchr
 .text.__malloc_lock
                0x00000000000331b0        0x2 /home/ashwin/nrf/gcc-arm-none-eabi-7-2018-q2-update-linux/gcc-arm-none-eabi-7-2018-q2-update/bin/../lib/gcc/arm-none-eabi/7.3.1/../../../../arm-none-eabi/lib/thumb/v7e-m/fpv4-sp/hard/libc_nano.a(lib_a-mlock.o)
                0x00000000000331b0                __malloc_lock
 .text.__malloc_unlock
                0x00000000000331b2        0x2 /home/ashwin/nrf/gcc-arm-none-eabi-7-2018-q2-update-linux/gcc-arm-none-eabi-7-2018-q2-update/bin/../lib/gcc/arm-none-eabi/7.3.1/../../../../arm-none-eabi/lib/thumb/v7e-m/fpv4-sp/hard/libc_nano.a(lib_a-mlock.o)
                0x00000000000331b2                __malloc_unlock
 .text._free_r  0x00000000000331b4       0x9c /home/ashwin/nrf/gcc-arm-none-eabi-7-2018-q2-update-linux/gcc-arm-none-eabi-7-2018-q2-update/bin/../lib/gcc/arm-none-eabi/7.3.1/../../../../arm-none-eabi/lib/thumb/v7e-m/fpv4-sp/hard/libc_nano.a(lib_a-nano-freer.o)
                0x00000000000331b4                _free_r
 .text._read_r  0x0000000000033250       0x24 /home/ashwin/nrf/gcc-arm-none-eabi-7-2018-q2-update-linux/gcc-arm-none-eabi-7-2018-q2-update/bin/../lib/gcc/arm-none-eabi/7.3.1/../../../../arm-none-eabi/lib/thumb/v7e-m/fpv4-sp/hard/libc_nano.a(lib_a-readr.o)
                0x0000000000033250                _read_r
 .text._fstat_r
                0x0000000000033274       0x24 /home/ashwin/nrf/gcc-arm-none-eabi-7-2018-q2-update-linux/gcc-arm-none-eabi-7-2018-q2-update/bin/../lib/gcc/arm-none-eabi/7.3.1/../../../../arm-none-eabi/lib/thumb/v7e-m/fpv4-sp/hard/libc_nano.a(lib_a-fstatr.o)
                0x0000000000033274                _fstat_r
 .text._isatty_r
                0x0000000000033298       0x20 /home/ashwin/nrf/gcc-arm-none-eabi-7-2018-q2-update-linux/gcc-arm-none-eabi-7-2018-q2-update/bin/../lib/gcc/arm-none-eabi/7.3.1/../../../../arm-none-eabi/lib/thumb/v7e-m/fpv4-sp/hard/libc_nano.a(lib_a-isattyr.o)
                0x0000000000033298                _isatty_r
 .text._close   0x00000000000332b8       0x10 /home/ashwin/nrf/gcc-arm-none-eabi-7-2018-q2-update-linux/gcc-arm-none-eabi-7-2018-q2-update/bin/../lib/gcc/arm-none-eabi/7.3.1/../../../../arm-none-eabi/lib/thumb/v7e-m/fpv4-sp/hard/libnosys.a(close.o)
                0x00000000000332b8                _close
 .text._fstat   0x00000000000332c8       0x10 /home/ashwin/nrf/gcc-arm-none-eabi-7-2018-q2-update-linux/gcc-arm-none-eabi-7-2018-q2-update/bin/../lib/gcc/arm-none-eabi/7.3.1/../../../../arm-none-eabi/lib/thumb/v7e-m/fpv4-sp/hard/libnosys.a(fstat.o)
                0x00000000000332c8                _fstat
 .text._isatty  0x00000000000332d8       0x10 /home/ashwin/nrf/gcc-arm-none-eabi-7-2018-q2-update-linux/gcc-arm-none-eabi-7-2018-q2-update/bin/../lib/gcc/arm-none-eabi/7.3.1/../../../../arm-none-eabi/lib/thumb/v7e-m/fpv4-sp/hard/libnosys.a(isatty.o)
                0x00000000000332d8                _isatty
 .text._lseek   0x00000000000332e8       0x10 /home/ashwin/nrf/gcc-arm-none-eabi-7-2018-q2-update-linux/gcc-arm-none-eabi-7-2018-q2-update/bin/../lib/gcc/arm-none-eabi/7.3.1/../../../../arm-none-eabi/lib/thumb/v7e-m/fpv4-sp/hard/libnosys.a(lseek.o)
                0x00000000000332e8                _lseek
 .text._read    0x00000000000332f8       0x10 /home/ashwin/nrf/gcc-arm-none-eabi-7-2018-q2-update-linux/gcc-arm-none-eabi-7-2018-q2-update/bin/../lib/gcc/arm-none-eabi/7.3.1/../../../../arm-none-eabi/lib/thumb/v7e-m/fpv4-sp/hard/libnosys.a(read.o)
                0x00000000000332f8                _read
 .text._sbrk    0x0000000000033308       0x1c /home/ashwin/nrf/gcc-arm-none-eabi-7-2018-q2-update-linux/gcc-arm-none-eabi-7-2018-q2-update/bin/../lib/gcc/arm-none-eabi/7.3.1/../../../../arm-none-eabi/lib/thumb/v7e-m/fpv4-sp/hard/libnosys.a(sbrk.o)
                0x0000000000033308                _sbrk
 .text._write   0x0000000000033324       0x10 /home/ashwin/nrf/gcc-arm-none-eabi-7-2018-q2-update-linux/gcc-arm-none-eabi-7-2018-q2-update/bin/../lib/gcc/arm-none-eabi/7.3.1/../../../../arm-none-eabi/lib/thumb/v7e-m/fpv4-sp/hard/libnosys.a(write.o)
                0x0000000000033324                _write
 .text._exit    0x0000000000033334        0x4 /home/ashwin/nrf/gcc-arm-none-eabi-7-2018-q2-update-linux/gcc-arm-none-eabi-7-2018-q2-update/bin/../lib/gcc/arm-none-eabi/7.3.1/../../../../arm-none-eabi/lib/thumb/v7e-m/fpv4-sp/hard/libnosys.a(_exit.o)
                0x0000000000033334                _exit
 .text          0x0000000000033338       0x30 /home/ashwin/nrf/gcc-arm-none-eabi-7-2018-q2-update-linux/gcc-arm-none-eabi-7-2018-q2-update/bin/../lib/gcc/arm-none-eabi/7.3.1/thumb/v7e-m/fpv4-sp/hard/libgcc.a(_aeabi_uldivmod.o)
                0x0000000000033338                __aeabi_uldivmod
 .text          0x0000000000033368      0x2cc /home/ashwin/nrf/gcc-arm-none-eabi-7-2018-q2-update-linux/gcc-arm-none-eabi-7-2018-q2-update/bin/../lib/gcc/arm-none-eabi/7.3.1/thumb/v7e-m/fpv4-sp/hard/libgcc.a(_udivmoddi4.o)
                0x0000000000033368                __udivmoddi4
 .text          0x0000000000033634        0x4 /home/ashwin/nrf/gcc-arm-none-eabi-7-2018-q2-update-linux/gcc-arm-none-eabi-7-2018-q2-update/bin/../lib/gcc/arm-none-eabi/7.3.1/thumb/v7e-m/fpv4-sp/hard/libgcc.a(_dvmd_tls.o)
                0x0000000000033634                __aeabi_ldiv0
                0x0000000000033634                __aeabi_idiv0
 *(.init)
 .init          0x0000000000033638        0x4 /home/ashwin/nrf/gcc-arm-none-eabi-7-2018-q2-update-linux/gcc-arm-none-eabi-7-2018-q2-update/bin/../lib/gcc/arm-none-eabi/7.3.1/thumb/v7e-m/fpv4-sp/hard/crti.o
                0x0000000000033638                _init
 .init          0x000000000003363c        0x8 /home/ashwin/nrf/gcc-arm-none-eabi-7-2018-q2-update-linux/gcc-arm-none-eabi-7-2018-q2-update/bin/../lib/gcc/arm-none-eabi/7.3.1/thumb/v7e-m/fpv4-sp/hard/crtn.o
 *(.fini)
 .fini          0x0000000000033644        0x4 /home/ashwin/nrf/gcc-arm-none-eabi-7-2018-q2-update-linux/gcc-arm-none-eabi-7-2018-q2-update/bin/../lib/gcc/arm-none-eabi/7.3.1/thumb/v7e-m/fpv4-sp/hard/crti.o
                0x0000000000033644                _fini
 .fini          0x0000000000033648        0x8 /home/ashwin/nrf/gcc-arm-none-eabi-7-2018-q2-update-linux/gcc-arm-none-eabi-7-2018-q2-update/bin/../lib/gcc/arm-none-eabi/7.3.1/thumb/v7e-m/fpv4-sp/hard/crtn.o
 *crtbegin.o(.ctors)
 *crtbegin?.o(.ctors)
 *(EXCLUDE_FILE(*crtend.o *crtend?.o) .ctors)
 *(SORT_BY_NAME(.ctors.*))
 *(.ctors)
 *crtbegin.o(.dtors)
 *crtbegin?.o(.dtors)
 *(EXCLUDE_FILE(*crtend.o *crtend?.o) .dtors)
 *(SORT_BY_NAME(.dtors.*))
 *(.dtors)
 *(.rodata*)
 .rodata        0x0000000000033650       0x20 _build/nrf52832_xxaa/nrf_log_backend_uart.c.o
 .rodata.nrf_log_backend_uart_api
                0x0000000000033670        0xc _build/nrf52832_xxaa/nrf_log_backend_uart.c.o
                0x0000000000033670                nrf_log_backend_uart_api
 .rodata.mempool
                0x000000000003367c       0x14 _build/nrf52832_xxaa/nrf_log_frontend.c.o
 .rodata.str1.4
                0x0000000000033690        0x4 _build/nrf52832_xxaa/nrf_log_frontend.c.o
 .rodata.m_colors
                0x0000000000033694       0x24 _build/nrf52832_xxaa/nrf_log_str_formatter.c.o
 .rodata.nrf_log_hexdump_entry_process.str1.4
                0x00000000000336b8       0x13 _build/nrf52832_xxaa/nrf_log_str_formatter.c.o
                                         0x16 (size before relaxing)
 *fill*         0x00000000000336cb        0x1 
 .rodata.nrf_log_std_entry_process.str1.4
                0x00000000000336cc       0x1b _build/nrf52832_xxaa/nrf_log_str_formatter.c.o
 *fill*         0x00000000000336e7        0x1 
 .rodata.severity_names
                0x00000000000336e8       0x14 _build/nrf52832_xxaa/nrf_log_str_formatter.c.o
 .rodata.str1.4
                0x00000000000336fc       0x5e _build/nrf52832_xxaa/nrf_log_str_formatter.c.o
 *fill*         0x000000000003375a        0x2 
 .rodata.m_detection_delay_timer_id
                0x000000000003375c        0x4 _build/nrf52832_xxaa/app_button.c.o
 .rodata.app_error_fault_handler.str1.4
                0x0000000000033760       0x19 _build/nrf52832_xxaa/app_error_weak.c.o
 *fill*         0x0000000000033779        0x3 
 .rodata.dirty_header.8863
                0x000000000003377c        0x4 _build/nrf52832_xxaa/fds.c.o
 .rodata.page_tag_data.8757
                0x0000000000033780        0x8 _build/nrf52832_xxaa/fds.c.o
 .rodata.page_tag_swap.8753
                0x0000000000033788        0x8 _build/nrf52832_xxaa/fds.c.o
 .rodata.str1.4
                0x0000000000033790        0x7 _build/nrf52832_xxaa/nrf_balloc.c.o
 *fill*         0x0000000000033797        0x1 
 .rodata._aV2C.7976
                0x0000000000033798       0x10 _build/nrf52832_xxaa/nrf_fprintf_format.c.o
 .rodata.m_flash_info
                0x00000000000337a8        0x8 _build/nrf52832_xxaa/nrf_fstorage_sd.c.o
 .rodata.nrf_fstorage_sd
                0x00000000000337b0       0x18 _build/nrf52832_xxaa/nrf_fstorage_sd.c.o
                0x00000000000337b0                nrf_fstorage_sd
 .rodata.str1.4
                0x00000000000337c8        0x9 _build/nrf52832_xxaa/nrf_pwr_mgmt.c.o
 *fill*         0x00000000000337d1        0x3 
 .rodata.m_unknown_str
                0x00000000000337d4       0x13 _build/nrf52832_xxaa/nrf_strerror.c.o
 *fill*         0x00000000000337e7        0x1 
 .rodata.nrf_strerror_array
                0x00000000000337e8       0xf0 _build/nrf52832_xxaa/nrf_strerror.c.o
 .rodata.str1.4
                0x00000000000338d8      0x308 _build/nrf52832_xxaa/nrf_strerror.c.o
 .rodata.m_board_btn_list
                0x0000000000033be0        0x4 _build/nrf52832_xxaa/boards.c.o
 .rodata.m_board_led_list
                0x0000000000033be4        0x4 _build/nrf52832_xxaa/boards.c.o
 .rodata.str1.4
                0x0000000000033be8        0x6 _build/nrf52832_xxaa/nrf_drv_clock.c.o
 *fill*         0x0000000000033bee        0x2 
 .rodata.str1.4
                0x0000000000033bf0        0x7 _build/nrf52832_xxaa/nrf_drv_gpiote.c.o
 *fill*         0x0000000000033bf7        0x1 
 .rodata.str1.4
                0x0000000000033bf8        0x5 _build/nrf52832_xxaa/nrf_drv_uart.c.o
 *fill*         0x0000000000033bfd        0x3 
 .rodata.app_buttons
                0x0000000000033c00       0x20 _build/nrf52832_xxaa/bsp.c.o
 .rodata.m_alert_timer_id
                0x0000000000033c20        0x4 _build/nrf52832_xxaa/bsp.c.o
 .rodata.m_button_timer_id
                0x0000000000033c24        0x4 _build/nrf52832_xxaa/bsp.c.o
 .rodata.m_leds_timer_id
                0x0000000000033c28        0x4 _build/nrf52832_xxaa/bsp.c.o
 .rodata.advertising_start.str1.4
                0x0000000000033c2c        0xd _build/nrf52832_xxaa/main.c.o
 *fill*         0x0000000000033c39        0x3 
 .rodata.ble_evt_handler.str1.4
                0x0000000000033c3c       0x25 _build/nrf52832_xxaa/main.c.o
 *fill*         0x0000000000033c61        0x3 
 .rodata.gatt_evt_handler.str1.4
                0x0000000000033c64       0x2f _build/nrf52832_xxaa/main.c.o
 *fill*         0x0000000000033c93        0x1 
 .rodata.m_battery_timer_id
                0x0000000000033c94        0x4 _build/nrf52832_xxaa/main.c.o
 .rodata.m_heart_rate_timer_id
                0x0000000000033c98        0x4 _build/nrf52832_xxaa/main.c.o
 .rodata.m_rr_interval_timer_id
                0x0000000000033c9c        0x4 _build/nrf52832_xxaa/main.c.o
 .rodata.m_sensor_contact_timer_id
                0x0000000000033ca0        0x4 _build/nrf52832_xxaa/main.c.o
 .rodata.main.str1.4
                0x0000000000033ca4       0x43 _build/nrf52832_xxaa/main.c.o
 *fill*         0x0000000000033ce7        0x1 
 .rodata.on_adv_evt.str1.4
                0x0000000000033ce8       0x12 _build/nrf52832_xxaa/main.c.o
 *fill*         0x0000000000033cfa        0x2 
 .rodata.pm_evt_handler.str1.4
                0x0000000000033cfc       0x6c _build/nrf52832_xxaa/main.c.o
 .rodata        0x0000000000033d68       0x10 _build/nrf52832_xxaa/gatts_cache_manager.c.o
 .rodata.service_changed_pending.9863
                0x0000000000033d78        0x4 _build/nrf52832_xxaa/gatts_cache_manager.c.o
 .rodata.service_changed_pending.9926
                0x0000000000033d7c        0x4 _build/nrf52832_xxaa/gatts_cache_manager.c.o
 .rodata.nrf_ble_gatt_on_ble_evt.str1.4
                0x0000000000033d80      0x130 _build/nrf52832_xxaa/nrf_ble_gatt.c.o
 .rodata.str1.4
                0x0000000000033eb0        0x9 _build/nrf52832_xxaa/nrf_ble_gatt.c.o
 *fill*         0x0000000000033eb9        0x3 
 .rodata.m_evt_handlers
                0x0000000000033ebc       0x14 _build/nrf52832_xxaa/peer_database.c.o
 .rodata        0x0000000000033ed0        0x4 _build/nrf52832_xxaa/nrf_sdh.c.o
 .rodata.sdh_req_observers
                0x0000000000033ed4        0xc _build/nrf52832_xxaa/nrf_sdh.c.o
 .rodata.sdh_stack_observers
                0x0000000000033ee0        0xc _build/nrf52832_xxaa/nrf_sdh.c.o
 .rodata.sdh_state_observers
                0x0000000000033eec        0xc _build/nrf52832_xxaa/nrf_sdh.c.o
 .rodata.str1.4
                0x0000000000033ef8        0x8 _build/nrf52832_xxaa/nrf_sdh.c.o
 .rodata.nrf_sdh_ble_default_cfg_set.str1.4
                0x0000000000033f00      0x1cf _build/nrf52832_xxaa/nrf_sdh_ble.c.o
 *fill*         0x00000000000340cf        0x1 
 .rodata.nrf_sdh_ble_enable.str1.4
                0x00000000000340d0       0xbd _build/nrf52832_xxaa/nrf_sdh_ble.c.o
 *fill*         0x000000000003418d        0x3 
 .rodata.sdh_ble_observers
                0x0000000000034190        0xc _build/nrf52832_xxaa/nrf_sdh_ble.c.o
 .rodata.str1.4
                0x000000000003419c        0xc _build/nrf52832_xxaa/nrf_sdh_ble.c.o
 .rodata.sdh_soc_observers
                0x00000000000341a8        0xc _build/nrf52832_xxaa/nrf_sdh_soc.c.o
 .rodata.str1.4
                0x00000000000341b4        0xc _build/nrf52832_xxaa/nrf_sdh_soc.c.o
 .rodata._global_impure_ptr
                0x00000000000341c0        0x4 /home/ashwin/nrf/gcc-arm-none-eabi-7-2018-q2-update-linux/gcc-arm-none-eabi-7-2018-q2-update/bin/../lib/gcc/arm-none-eabi/7.3.1/../../../../arm-none-eabi/lib/thumb/v7e-m/fpv4-sp/hard/libc_nano.a(lib_a-impure.o)
                0x00000000000341c0                _global_impure_ptr
 .rodata._setlocale_r.str1.1
                0x00000000000341c4        0x8 /home/ashwin/nrf/gcc-arm-none-eabi-7-2018-q2-update-linux/gcc-arm-none-eabi-7-2018-q2-update/bin/../lib/gcc/arm-none-eabi/7.3.1/../../../../arm-none-eabi/lib/thumb/v7e-m/fpv4-sp/hard/libc_nano.a(lib_a-locale.o)
                                          0x9 (size before relaxing)
 .rodata.str1.1
                0x00000000000341cc        0x2 /home/ashwin/nrf/gcc-arm-none-eabi-7-2018-q2-update-linux/gcc-arm-none-eabi-7-2018-q2-update/bin/../lib/gcc/arm-none-eabi/7.3.1/../../../../arm-none-eabi/lib/thumb/v7e-m/fpv4-sp/hard/libc_nano.a(lib_a-locale.o)
 .rodata._ctype_
                0x00000000000341ce      0x101 /home/ashwin/nrf/gcc-arm-none-eabi-7-2018-q2-update-linux/gcc-arm-none-eabi-7-2018-q2-update/bin/../lib/gcc/arm-none-eabi/7.3.1/../../../../arm-none-eabi/lib/thumb/v7e-m/fpv4-sp/hard/libc_nano.a(lib_a-ctype_.o)
                0x00000000000341ce                _ctype_
 *fill*         0x00000000000342cf        0x1 
 .rodata.__sf_fake_stderr
                0x00000000000342d0       0x20 /home/ashwin/nrf/gcc-arm-none-eabi-7-2018-q2-update-linux/gcc-arm-none-eabi-7-2018-q2-update/bin/../lib/gcc/arm-none-eabi/7.3.1/../../../../arm-none-eabi/lib/thumb/v7e-m/fpv4-sp/hard/libc_nano.a(lib_a-findfp.o)
                0x00000000000342d0                __sf_fake_stderr
 .rodata.__sf_fake_stdin
                0x00000000000342f0       0x20 /home/ashwin/nrf/gcc-arm-none-eabi-7-2018-q2-update-linux/gcc-arm-none-eabi-7-2018-q2-update/bin/../lib/gcc/arm-none-eabi/7.3.1/../../../../arm-none-eabi/lib/thumb/v7e-m/fpv4-sp/hard/libc_nano.a(lib_a-findfp.o)
                0x00000000000342f0                __sf_fake_stdin
 .rodata.__sf_fake_stdout
                0x0000000000034310       0x20 /home/ashwin/nrf/gcc-arm-none-eabi-7-2018-q2-update-linux/gcc-arm-none-eabi-7-2018-q2-update/bin/../lib/gcc/arm-none-eabi/7.3.1/../../../../arm-none-eabi/lib/thumb/v7e-m/fpv4-sp/hard/libc_nano.a(lib_a-findfp.o)
                0x0000000000034310                __sf_fake_stdout
 .rodata._vfprintf_r.str1.1
                0x0000000000034330       0x11 /home/ashwin/nrf/gcc-arm-none-eabi-7-2018-q2-update-linux/gcc-arm-none-eabi-7-2018-q2-update/bin/../lib/gcc/arm-none-eabi/7.3.1/../../../../arm-none-eabi/lib/thumb/v7e-m/fpv4-sp/hard/libc_nano.a(lib_a-nano-vfprintf.o)
 .rodata._printf_i.str1.1
                0x0000000000034341       0x22 /home/ashwin/nrf/gcc-arm-none-eabi-7-2018-q2-update-linux/gcc-arm-none-eabi-7-2018-q2-update/bin/../lib/gcc/arm-none-eabi/7.3.1/../../../../arm-none-eabi/lib/thumb/v7e-m/fpv4-sp/hard/libc_nano.a(lib_a-nano-vfprintf_i.o)
 *(.eh_frame*)
 *fill*         0x0000000000034363        0x1 
 .eh_frame      0x0000000000034364        0x0 /home/ashwin/nrf/gcc-arm-none-eabi-7-2018-q2-update-linux/gcc-arm-none-eabi-7-2018-q2-update/bin/../lib/gcc/arm-none-eabi/7.3.1/thumb/v7e-m/fpv4-sp/hard/crtbegin.o
 .eh_frame      0x0000000000034364        0x4 /home/ashwin/nrf/gcc-arm-none-eabi-7-2018-q2-update-linux/gcc-arm-none-eabi-7-2018-q2-update/bin/../lib/gcc/arm-none-eabi/7.3.1/thumb/v7e-m/fpv4-sp/hard/crtend.o

.glue_7         0x0000000000034368        0x0
 .glue_7        0x0000000000034368        0x0 linker stubs

.glue_7t        0x0000000000034368        0x0
 .glue_7t       0x0000000000034368        0x0 linker stubs

.vfp11_veneer   0x0000000000034368        0x0
 .vfp11_veneer  0x0000000000034368        0x0 linker stubs

.v4_bx          0x0000000000034368        0x0
 .v4_bx         0x0000000000034368        0x0 linker stubs

.iplt           0x0000000000034368        0x0
 .iplt          0x0000000000034368        0x0 /home/ashwin/nrf/gcc-arm-none-eabi-7-2018-q2-update-linux/gcc-arm-none-eabi-7-2018-q2-update/bin/../lib/gcc/arm-none-eabi/7.3.1/thumb/v7e-m/fpv4-sp/hard/crtbegin.o

.pwr_mgmt_data  0x0000000000034368        0x0
                0x0000000000034368                PROVIDE (__start_pwr_mgmt_data = .)
 *(SORT_BY_NAME(.pwr_mgmt_data*))
                0x0000000000034368                PROVIDE (__stop_pwr_mgmt_data = .)

.log_const_data
                0x0000000000034368       0x50
                0x0000000000034368                PROVIDE (__start_log_const_data = .)
 *(.log_const_data)
 .log_const_data
                0x0000000000034368        0x8 _build/nrf52832_xxaa/nrf_log_frontend.c.o
                0x0000000000034368                m_nrf_log_app_logs_data_const
 .log_const_data
                0x0000000000034370        0x8 _build/nrf52832_xxaa/nrf_balloc.c.o
                0x0000000000034370                m_nrf_log_balloc_logs_data_const
 .log_const_data
                0x0000000000034378        0x8 _build/nrf52832_xxaa/nrf_pwr_mgmt.c.o
                0x0000000000034378                m_nrf_log_pwr_mgmt_logs_data_const
 .log_const_data
                0x0000000000034380        0x8 _build/nrf52832_xxaa/nrf_drv_clock.c.o
                0x0000000000034380                m_nrf_log_clock_logs_data_const
 .log_const_data
                0x0000000000034388        0x8 _build/nrf52832_xxaa/nrf_drv_gpiote.c.o
                0x0000000000034388                m_nrf_log_gpiote_logs_data_const
 .log_const_data
                0x0000000000034390        0x8 _build/nrf52832_xxaa/nrf_drv_uart.c.o
                0x0000000000034390                m_nrf_log_uart_logs_data_const
 .log_const_data
                0x0000000000034398        0x8 _build/nrf52832_xxaa/nrf_ble_gatt.c.o
                0x0000000000034398                m_nrf_log_ble_gatt_logs_data_const
 .log_const_data
                0x00000000000343a0        0x8 _build/nrf52832_xxaa/nrf_sdh.c.o
                0x00000000000343a0                m_nrf_log_nrf_sdh_logs_data_const
 .log_const_data
                0x00000000000343a8        0x8 _build/nrf52832_xxaa/nrf_sdh_ble.c.o
                0x00000000000343a8                m_nrf_log_nrf_sdh_ble_logs_data_const
 .log_const_data
                0x00000000000343b0        0x8 _build/nrf52832_xxaa/nrf_sdh_soc.c.o
                0x00000000000343b0                m_nrf_log_nrf_sdh_soc_logs_data_const
                0x00000000000343b8                PROVIDE (__stop_log_const_data = .)

.cli_command    0x00000000000343b8        0x0
                [!provide]                        PROVIDE (__start_cli_command = .)
 *(.cli_command)
                [!provide]                        PROVIDE (__stop_cli_command = .)

.sdh_stack_observers
                0x00000000000343b8       0x10
                0x00000000000343b8                PROVIDE (__start_sdh_stack_observers = .)
 *(SORT_BY_NAME(.sdh_stack_observers*))
 .sdh_stack_observers0
                0x00000000000343b8        0x8 _build/nrf52832_xxaa/nrf_sdh_ble.c.o
 .sdh_stack_observers0
                0x00000000000343c0        0x8 _build/nrf52832_xxaa/nrf_sdh_soc.c.o
                0x00000000000343c8                PROVIDE (__stop_sdh_stack_observers = .)

.sdh_req_observers
                0x00000000000343c8        0x8
                0x00000000000343c8                PROVIDE (__start_sdh_req_observers = .)
 *(SORT_BY_NAME(.sdh_req_observers*))
 .sdh_req_observers0
                0x00000000000343c8        0x8 _build/nrf52832_xxaa/nrf_fstorage_sd.c.o
                0x00000000000343c8                m_req_obs
                0x00000000000343d0                PROVIDE (__stop_sdh_req_observers = .)

.sdh_state_observers
                0x00000000000343d0       0x10
                0x00000000000343d0                PROVIDE (__start_sdh_state_observers = .)
 *(SORT_BY_NAME(.sdh_state_observers*))
 .sdh_state_observers0
                0x00000000000343d0        0x8 _build/nrf52832_xxaa/nrf_fstorage_sd.c.o
 .sdh_state_observers0
                0x00000000000343d8        0x8 _build/nrf52832_xxaa/nrf_drv_clock.c.o
                0x00000000000343e0                PROVIDE (__stop_sdh_state_observers = .)

.sdh_ant_observers
                0x00000000000343e0        0x0
                [!provide]                        PROVIDE (__start_sdh_ant_observers = .)
 *(SORT_BY_NAME(.sdh_ant_observers*))
                [!provide]                        PROVIDE (__stop_sdh_ant_observers = .)

.sdh_ble_observers
                0x00000000000343e0       0x48
                0x00000000000343e0                PROVIDE (__start_sdh_ble_observers = .)
 *(SORT_BY_NAME(.sdh_ble_observers*))
 .sdh_ble_observers0
                0x00000000000343e0        0x8 _build/nrf52832_xxaa/ble_conn_state.c.o
 .sdh_ble_observers1
                0x00000000000343e8        0x8 _build/nrf52832_xxaa/bsp_btn_ble.c.o
 .sdh_ble_observers1
                0x00000000000343f0        0x8 _build/nrf52832_xxaa/main.c.o
 .sdh_ble_observers2
                0x00000000000343f8       0x20 _build/nrf52832_xxaa/main.c.o
 .sdh_ble_observers2
                0x0000000000034418        0x8 _build/nrf52832_xxaa/ble_conn_params.c.o
 .sdh_ble_observers2
                0x0000000000034420        0x8 _build/nrf52832_xxaa/peer_manager.c.o
                0x0000000000034428                PROVIDE (__stop_sdh_ble_observers = .)

.sdh_soc_observers
                0x0000000000034428       0x18
                0x0000000000034428                PROVIDE (__start_sdh_soc_observers = .)
 *(SORT_BY_NAME(.sdh_soc_observers*))
 .sdh_soc_observers0
                0x0000000000034428        0x8 _build/nrf52832_xxaa/nrf_fstorage_sd.c.o
 .sdh_soc_observers0
                0x0000000000034430        0x8 _build/nrf52832_xxaa/nrf_drv_clock.c.o
 .sdh_soc_observers1
                0x0000000000034438        0x8 _build/nrf52832_xxaa/main.c.o
                0x0000000000034440                PROVIDE (__stop_sdh_soc_observers = .)

.ARM.extab
 *(.ARM.extab* .gnu.linkonce.armextab.*)
                0x0000000000034440                __exidx_start = .

.ARM.exidx      0x0000000000034440        0x8
 *(.ARM.exidx* .gnu.linkonce.armexidx.*)
 .ARM.exidx     0x0000000000034440        0x8 /home/ashwin/nrf/gcc-arm-none-eabi-7-2018-q2-update-linux/gcc-arm-none-eabi-7-2018-q2-update/bin/../lib/gcc/arm-none-eabi/7.3.1/../../../../arm-none-eabi/lib/thumb/v7e-m/fpv4-sp/hard/crt0.o
 .ARM.exidx     0x0000000000034448        0x0 /home/ashwin/nrf/gcc-arm-none-eabi-7-2018-q2-update-linux/gcc-arm-none-eabi-7-2018-q2-update/bin/../lib/gcc/arm-none-eabi/7.3.1/thumb/v7e-m/fpv4-sp/hard/libgcc.a(_udivmoddi4.o)
                                          0x8 (size before relaxing)
                0x0000000000034448                __exidx_end = .
                0x0000000000034448                __etext = .

.rel.dyn        0x0000000000034448        0x0